Component: ARM Compiler 5.06 update 6 (build 750) Tool: armlink [4d35ed]

==============================================================================

Section Cross References

    main.o(i.StartTask) refers to port.o(i.vPortEnterCritical) for vPortEnterCritical
    main.o(i.StartTask) refers to debug.o(i.DebugInit) for DebugInit
    main.o(i.StartTask) refers to communication.o(i.CommunicationInit) for CommunicationInit
    main.o(i.StartTask) refers to port.o(i.vPortExitCritical) for vPortExitCritical
    main.o(i.StartTask) refers to tasks.o(i.vTaskDelay) for vTaskDelay
    main.o(i.main) refers to misc.o(i.NVIC_PriorityGroupConfig) for NVIC_PriorityGroupConfig
    main.o(i.main) refers to delay.o(i.DelayInit) for DelayInit
    main.o(i.main) refers to arm.o(i.ArmInit) for ArmInit
    main.o(i.main) refers to tasks.o(i.xTaskCreate) for xTaskCreate
    main.o(i.main) refers to tasks.o(i.vTaskStartScheduler) for vTaskStartScheduler
    main.o(i.main) refers to main.o(.data) for StartTaskHandler
    main.o(i.main) refers to main.o(i.StartTask) for StartTask
    stm32f10x_adc.o(i.ADC_DeInit) refers to stm32f10x_rcc.o(i.RCC_APB2PeriphResetCmd) for RCC_APB2PeriphResetCmd
    stm32f10x_gpio.o(i.GPIO_AFIODeInit) refers to stm32f10x_rcc.o(i.RCC_APB2PeriphResetCmd) for RCC_APB2PeriphResetCmd
    stm32f10x_gpio.o(i.GPIO_DeInit) refers to stm32f10x_rcc.o(i.RCC_APB2PeriphResetCmd) for RCC_APB2PeriphResetCmd
    stm32f10x_rcc.o(i.RCC_GetClocksFreq) refers to stm32f10x_rcc.o(.data) for APBAHBPrescTable
    stm32f10x_rcc.o(i.RCC_WaitForHSEStartUp) refers to stm32f10x_rcc.o(i.RCC_GetFlagStatus) for RCC_GetFlagStatus
    stm32f10x_rtc.o(i.RTC_SetAlarm) refers to stm32f10x_rtc.o(i.RTC_EnterConfigMode) for RTC_EnterConfigMode
    stm32f10x_rtc.o(i.RTC_SetAlarm) refers to stm32f10x_rtc.o(i.RTC_ExitConfigMode) for RTC_ExitConfigMode
    stm32f10x_rtc.o(i.RTC_SetCounter) refers to stm32f10x_rtc.o(i.RTC_EnterConfigMode) for RTC_EnterConfigMode
    stm32f10x_rtc.o(i.RTC_SetCounter) refers to stm32f10x_rtc.o(i.RTC_ExitConfigMode) for RTC_ExitConfigMode
    stm32f10x_rtc.o(i.RTC_SetPrescaler) refers to stm32f10x_rtc.o(i.RTC_EnterConfigMode) for RTC_EnterConfigMode
    stm32f10x_rtc.o(i.RTC_SetPrescaler) refers to stm32f10x_rtc.o(i.RTC_ExitConfigMode) for RTC_ExitConfigMode
    stm32f10x_spi.o(i.I2S_Init) refers to stm32f10x_rcc.o(i.RCC_GetClocksFreq) for RCC_GetClocksFreq
    stm32f10x_spi.o(i.SPI_I2S_DeInit) refers to stm32f10x_rcc.o(i.RCC_APB2PeriphResetCmd) for RCC_APB2PeriphResetCmd
    stm32f10x_spi.o(i.SPI_I2S_DeInit) refers to stm32f10x_rcc.o(i.RCC_APB1PeriphResetCmd) for RCC_APB1PeriphResetCmd
    stm32f10x_tim.o(i.TIM_DeInit) refers to stm32f10x_rcc.o(i.RCC_APB2PeriphResetCmd) for RCC_APB2PeriphResetCmd
    stm32f10x_tim.o(i.TIM_DeInit) refers to stm32f10x_rcc.o(i.RCC_APB1PeriphResetCmd) for RCC_APB1PeriphResetCmd
    stm32f10x_tim.o(i.TIM_ETRClockMode1Config) refers to stm32f10x_tim.o(i.TIM_ETRConfig) for TIM_ETRConfig
    stm32f10x_tim.o(i.TIM_ETRClockMode2Config) refers to stm32f10x_tim.o(i.TIM_ETRConfig) for TIM_ETRConfig
    stm32f10x_tim.o(i.TIM_ICInit) refers to stm32f10x_tim.o(i.TI1_Config) for TI1_Config
    stm32f10x_tim.o(i.TIM_ICInit) refers to stm32f10x_tim.o(i.TIM_SetIC1Prescaler) for TIM_SetIC1Prescaler
    stm32f10x_tim.o(i.TIM_ICInit) refers to stm32f10x_tim.o(i.TI2_Config) for TI2_Config
    stm32f10x_tim.o(i.TIM_ICInit) refers to stm32f10x_tim.o(i.TIM_SetIC2Prescaler) for TIM_SetIC2Prescaler
    stm32f10x_tim.o(i.TIM_ICInit) refers to stm32f10x_tim.o(i.TI3_Config) for TI3_Config
    stm32f10x_tim.o(i.TIM_ICInit) refers to stm32f10x_tim.o(i.TIM_SetIC3Prescaler) for TIM_SetIC3Prescaler
    stm32f10x_tim.o(i.TIM_ICInit) refers to stm32f10x_tim.o(i.TI4_Config) for TI4_Config
    stm32f10x_tim.o(i.TIM_ICInit) refers to stm32f10x_tim.o(i.TIM_SetIC4Prescaler) for TIM_SetIC4Prescaler
    stm32f10x_tim.o(i.TIM_ITRxExternalClockConfig) refers to stm32f10x_tim.o(i.TIM_SelectInputTrigger) for TIM_SelectInputTrigger
    stm32f10x_tim.o(i.TIM_PWMIConfig) refers to stm32f10x_tim.o(i.TI1_Config) for TI1_Config
    stm32f10x_tim.o(i.TIM_PWMIConfig) refers to stm32f10x_tim.o(i.TIM_SetIC1Prescaler) for TIM_SetIC1Prescaler
    stm32f10x_tim.o(i.TIM_PWMIConfig) refers to stm32f10x_tim.o(i.TI2_Config) for TI2_Config
    stm32f10x_tim.o(i.TIM_PWMIConfig) refers to stm32f10x_tim.o(i.TIM_SetIC2Prescaler) for TIM_SetIC2Prescaler
    stm32f10x_tim.o(i.TIM_TIxExternalClockConfig) refers to stm32f10x_tim.o(i.TI2_Config) for TI2_Config
    stm32f10x_tim.o(i.TIM_TIxExternalClockConfig) refers to stm32f10x_tim.o(i.TI1_Config) for TI1_Config
    stm32f10x_tim.o(i.TIM_TIxExternalClockConfig) refers to stm32f10x_tim.o(i.TIM_SelectInputTrigger) for TIM_SelectInputTrigger
    stm32f10x_usart.o(i.USART_DeInit) refers to stm32f10x_rcc.o(i.RCC_APB2PeriphResetCmd) for RCC_APB2PeriphResetCmd
    stm32f10x_usart.o(i.USART_DeInit) refers to stm32f10x_rcc.o(i.RCC_APB1PeriphResetCmd) for RCC_APB1PeriphResetCmd
[...]
    Library\STM32F10x_StdPeriph_Driver\src\stm32f10x_crc.c 0x00000000   Number         0  stm32f10x_crc.o ABSOLUTE
    Library\STM32F10x_StdPeriph_Driver\src\stm32f10x_dma.c 0x00000000   Number         0  stm32f10x_dma.o ABSOLUTE
    Library\STM32F10x_StdPeriph_Driver\src\stm32f10x_exti.c 0x00000000   Number         0  stm32f10x_exti.o ABSOLUTE
    Library\STM32F10x_StdPeriph_Driver\src\stm32f10x_gpio.c 0x00000000   Number         0  stm32f10x_gpio.o ABSOLUTE
    Library\STM32F10x_StdPeriph_Driver\src\stm32f10x_iwdg.c 0x00000000   Number         0  stm32f10x_iwdg.o ABSOLUTE
    Library\STM32F10x_StdPeriph_Driver\src\stm32f10x_rcc.c 0x00000000   Number         0  stm32f10x_rcc.o ABSOLUTE
    Library\STM32F10x_StdPeriph_Driver\src\stm32f10x_rtc.c 0x00000000   Number         0  stm32f10x_rtc.o ABSOLUTE
    Library\STM32F10x_StdPeriph_Driver\src\stm32f10x_spi.c 0x00000000   Number         0  stm32f10x_spi.o ABSOLUTE
    Library\STM32F10x_StdPeriph_Driver\src\stm32f10x_tim.c 0x00000000   Number         0  stm32f10x_tim.o ABSOLUTE
    Library\STM32F10x_StdPeriph_Driver\src\stm32f10x_usart.c 0x00000000   Number         0  stm32f10x_usart.o ABSOLUTE
    Library\STM32F10x_StdPeriph_Driver\src\stm32f10x_wwdg.c 0x00000000   Number         0  stm32f10x_wwdg.o ABSOLUTE
    Library\mcu_fun\src\mcu_dma.c            0x00000000   Number         0  mcu_dma.o ABSOLUTE
    Library\mcu_fun\src\mcu_gpio.c           0x00000000   Number         0  mcu_gpio.o ABSOLUTE
    Library\mcu_fun\src\mcu_nvic.c           0x00000000   Number         0  mcu_nvic.o ABSOLUTE
    Library\mcu_fun\src\mcu_spi.c            0x00000000   Number         0  mcu_spi.o ABSOLUTE
    Library\mcu_fun\src\mcu_timer.c          0x00000000   Number         0  mcu_timer.o ABSOLUTE
    Library\mcu_fun\src\mcu_usart.c          0x00000000   Number         0  mcu_usart.o ABSOLUTE
    cdrcmple.s                               0x00000000   Number         0  cdrcmple.o ABSOLUTE
    cfcmple.s                                0x00000000   Number         0  cfcmple.o ABSOLUTE
    cfrcmple.s                               0x00000000   Number         0  cfrcmple.o ABSOLUTE
    dc.s                                     0x00000000   Number         0  dc.o ABSOLUTE
    handlers.s                               0x00000000   Number         0  handlers.o ABSOLUTE
    init.s                                   0x00000000   Number         0  init.o ABSOLUTE
    main.c                                   0x00000000   Number         0  main.o ABSOLUTE
    stm32f10x_it.c                           0x00000000   Number         0  stm32f10x_it.o ABSOLUTE
    RESET                                    0x08000000   Section      236  startup_stm32f10x_md.o(RESET)
    .ARM.Collect$$$$00000000                 0x080000ec   Section        0  entry.o(.ARM.Collect$$$$00000000)
    .ARM.Collect$$$$00000001                 0x080000ec   Section        4  entry2.o(.ARM.Collect$$$$00000001)
    .ARM.Collect$$$$00000004                 0x080000f0   Section        4  entry5.o(.ARM.Collect$$$$00000004)
    .ARM.Collect$$$$00000008                 0x080000f4   Section        0  entry7b.o(.ARM.Collect$$$$00000008)
    .ARM.Collect$$$$0000000A                 0x080000f4   Section        0  entry8b.o(.ARM.Collect$$$$0000000A)
    .ARM.Collect$$$$0000000B                 0x080000f4   Section        8  entry9a.o(.ARM.Collect$$$$0000000B)
    .ARM.Collect$$$$0000000D                 0x080000fc   Section        0  entry10a.o(.ARM.Collect$$$$0000000D)
    .ARM.Collect$$$$0000000F                 0x080000fc   Section        0  entry11a.o(.ARM.Collect$$$$0000000F)
    .ARM.Collect$$$$00002712                 0x080000fc   Section        4  entry2.o(.ARM.Collect$$$$00002712)
    __lit__00000000                          0x080000fc   Data           4  entry2.o(.ARM.Collect$$$$00002712)
    .emb_text                                0x08000100   Section      150  port.o(.emb_text)
    .text                                    0x08000198   Section       36  startup_stm32f10x_md.o(.text)
    .text                                    0x080001bc   Section        0  memcpya.o(.text)
    .text                                    0x080001e0   Section        0  memseta.o(.text)
    .text                                    0x08000204   Section        0  strstr.o(.text)
    .text                                    0x08000228   Section        0  strlen.o(.text)
    .text                                    0x08000238   Section        0  __0sscanf.o(.text)
    .text                                    0x08000270   Section        0  _scanf_int.o(.text)
    .text                                    0x080003bc   Section        0  scanf_fp.o(.text)
    _fp_value                                0x080003bd   Thumb Code   296  scanf_fp.o(.text)
    .text                                    0x0800071c   Section        0  dadd.o(.text)
    .text                                    0x0800086a   Section        0  ddiv.o(.text)
    .text                                    0x08000948   Section        0  dfixui.o(.text)
    .text                                    0x0800097a   Section        0  f2d.o(.text)
    .text                                    0x080009a0   Section       20  cfcmple.o(.text)
    .text                                    0x080009b4   Section       20  cfrcmple.o(.text)
    .text                                    0x080009c8   Section        0  uidiv.o(.text)
    .text                                    0x080009f4   Section        0  uldiv.o(.text)
    .text                                    0x08000a56   Section        0  llshl.o(.text)
    .text                                    0x08000a74   Section        0  llushr.o(.text)
    .text                                    0x08000a94   Section        0  llsshr.o(.text)
    .text                                    0x08000ab8   Section        0  _chval.o(.text)
    .text                                    0x08000ad4   Section        0  scanf_char.o(.text)
    _scanf_char_input                        0x08000ad5   Thumb Code    12  scanf_char.o(.text)
    .text                                    0x08000afc   Section        0  _sgetc.o(.text)
    .text                                    0x08000b3c   Section        0  depilogue.o(.text)
    .text                                    0x08000b3c   Section        0  iusefp.o(.text)
    .text                                    0x08000bf6   Section        0  dmul.o(.text)
    .text                                    0x08000cda   Section        0  dfltul.o(.text)
    .text                                    0x08000cf2   Section        0  dfixul.o(.text)
    .text                                    0x08000d24   Section       48  cdrcmple.o(.text)
    .text                                    0x08000d54   Section        0  d2f.o(.text)
    .text                                    0x08000d8c   Section       36  init.o(.text)
    .text                                    0x08000db0   Section        0  isspace_c.o(.text)
    .text                                    0x08000dbc   Section        0  _scanf.o(.text)
    .text                                    0x080010e8   Section        0  fepilogue.o(.text)
    .text                                    0x08001158   Section        0  ctype_c.o(.text)
    i.AlterEngineAngle                       0x08001180   Section        0  arm.o(i.AlterEngineAngle)
    i.AlterLedState                          0x0800125c   Section        0  led.o(i.AlterLedState)
    i.ArmInit                                0x080012a8   Section        0  arm.o(i.ArmInit)
    i.BusFault_Handler                       0x0800132c   Section        0  stm32f10x_it.o(i.BusFault_Handler)
    i.CmucTask                               0x08001330   Section        0  communication.o(i.CmucTask)
    i.CommunicationInit                      0x080013a0   Section        0  communication.o(i.CommunicationInit)
    i.DMA1_Channel2_IRQHandler               0x080013f8   Section        0  spi.o(i.DMA1_Channel2_IRQHandler)
    i.DMA_ClearITPendingBit                  0x0800143c   Section        0  stm32f10x_dma.o(i.DMA_ClearITPendingBit)
    i.DMA_Cmd                                0x08001458   Section        0  stm32f10x_dma.o(i.DMA_Cmd)
    i.DMA_GetCurrDataCounter                 0x08001470   Section        0  stm32f10x_dma.o(i.DMA_GetCurrDataCounter)
    i.DMA_GetITStatus                        0x08001478   Section        0  stm32f10x_dma.o(i.DMA_GetITStatus)
    i.DMA_ITConfig                           0x080014a4   Section        0  stm32f10x_dma.o(i.DMA_ITConfig)
    i.DMA_Init                               0x080014b6   Section        0  stm32f10x_dma.o(i.DMA_Init)
    i.DebugInit                              0x080014f4   Section        0  debug.o(i.DebugInit)
    i.DebugMenu                              0x08001524   Section        0  debug.o(i.DebugMenu)
    i.DebugMon_Handler                       0x08001790   Section        0  stm32f10x_it.o(i.DebugMon_Handler)
    i.DebugPrintf                            0x08001794   Section        0  debug.o(i.DebugPrintf)
    i.DebugTask                              0x080017dc   Section        0  debug.o(i.DebugTask)
    i.DelayInit                              0x08001acc   Section        0  delay.o(i.DelayInit)
    i.GPIO_Init                              0x08001aec   Section        0  stm32f10x_gpio.o(i.GPIO_Init)
    i.GPIO_PinRemapConfig                    0x08001c04   Section        0  stm32f10x_gpio.o(i.GPIO_PinRemapConfig)
    i.GPIO_ReadInputDataBit                  0x08001c94   Section        0  stm32f10x_gpio.o(i.GPIO_ReadInputDataBit)
    i.GPIO_WriteBit                          0x08001ca6   Section        0  stm32f10x_gpio.o(i.GPIO_WriteBit)
    i.HardFault_Handler                      0x08001cb0   Section        0  stm32f10x_it.o(i.HardFault_Handler)
    i.LedInit                                0x08001cb4   Section        0  led.o(i.LedInit)
    i.LedTask                                0x08001d18   Section        0  communication.o(i.LedTask)
    i.LedToggle                              0x08001d90   Section        0  led.o(i.LedToggle)
    i.McuDmaInit                             0x08001e2c   Section        0  mcu_dma.o(i.McuDmaInit)
    i.McuDmaResetMemoryBaseAddr              0x08001e70   Section        0  mcu_dma.o(i.McuDmaResetMemoryBaseAddr)
    i.McuGpioInit                            0x08001e8e   Section        0  mcu_gpio.o(i.McuGpioInit)
    i.McuGpioSwjJtagDisable                  0x08001eb0   Section        0  mcu_gpio.o(i.McuGpioSwjJtagDisable)
    i.McuNvicInit                            0x08001ed0   Section        0  mcu_nvic.o(i.McuNvicInit)
    i.McuSpiInit                             0x08001ef2   Section        0  mcu_spi.o(i.McuSpiInit)
    i.McuTimerBaseInit                       0x08001f38   Section        0  mcu_timer.o(i.McuTimerBaseInit)
    i.McuTimerPwmInit                        0x08001f68   Section        0  mcu_timer.o(i.McuTimerPwmInit)
    i.McuUsartInit                           0x08002022   Section        0  mcu_usart.o(i.McuUsartInit)
    i.MemManage_Handler                      0x08002058   Section        0  stm32f10x_it.o(i.MemManage_Handler)
    i.NMI_Handler                            0x0800205c   Section        0  stm32f10x_it.o(i.NMI_Handler)
    i.NRF24L01_Check                         0x08002060   Section        0  nrf24l01.o(i.NRF24L01_Check)
    i.NRF24L01_RX_Mode                       0x080020ac   Section        0  nrf24l01.o(i.NRF24L01_RX_Mode)
    i.NRF24L01_Read_Buf                      0x08002108   Section        0  nrf24l01.o(i.NRF24L01_Read_Buf)
    i.NRF24L01_Read_Reg                      0x0800214c   Section        0  nrf24l01.o(i.NRF24L01_Read_Reg)
    i.NRF24L01_RxPacket                      0x0800218c   Section        0  nrf24l01.o(i.NRF24L01_RxPacket)
    i.NRF24L01_Write_Buf                     0x080021d4   Section        0  nrf24l01.o(i.NRF24L01_Write_Buf)
    i.NRF24L01_Write_Reg                     0x0800221c   Section        0  nrf24l01.o(i.NRF24L01_Write_Reg)
    i.NVIC_Init                              0x0800225c   Section        0  misc.o(i.NVIC_Init)
    i.NVIC_PriorityGroupConfig               0x080022cc   Section        0  misc.o(i.NVIC_PriorityGroupConfig)
    i.Nrf24l01Init                           0x080022e0   Section        0  nrf24l01.o(i.Nrf24l01Init)
    i.RCC_AHBPeriphClockCmd                  0x08002338   Section        0  stm32f10x_rcc.o(i.RCC_AHBPeriphClockCmd)
    i.RCC_APB1PeriphClockCmd                 0x08002358   Section        0  stm32f10x_rcc.o(i.RCC_APB1PeriphClockCmd)
    i.RCC_APB2PeriphClockCmd                 0x08002378   Section        0  stm32f10x_rcc.o(i.RCC_APB2PeriphClockCmd)
    i.RCC_GetClocksFreq                      0x08002398   Section        0  stm32f10x_rcc.o(i.RCC_GetClocksFreq)
    i.SPI_Cmd                                0x0800246c   Section        0  stm32f10x_spi.o(i.SPI_Cmd)
    i.SPI_I2S_DMACmd                         0x08002484   Section        0  stm32f10x_spi.o(i.SPI_I2S_DMACmd)
    i.SPI_Init                               0x08002496   Section        0  stm32f10x_spi.o(i.SPI_Init)
    i.SetSysClock                            0x080024d2   Section        0  system_stm32f10x.o(i.SetSysClock)
    SetSysClock                              0x080024d3   Thumb Code     8  system_stm32f10x.o(i.SetSysClock)
    i.SetSysClockTo72                        0x080024dc   Section        0  system_stm32f10x.o(i.SetSysClockTo72)
    SetSysClockTo72                          0x080024dd   Thumb Code   214  system_stm32f10x.o(i.SetSysClockTo72)
    i.Spi1Init                               0x080025bc   Section        0  spi.o(i.Spi1Init)
    i.SpiReadWriteBuf                        0x080026ec   Section        0  spi.o(i.SpiReadWriteBuf)
    i.SpiReadWriteSameData                   0x08002750   Section        0  spi.o(i.SpiReadWriteSameData)
    i.StartTask                              0x080027c4   Section        0  main.o(i.StartTask)
    i.SysTick_Handler                        0x080027e0   Section        0  port.o(i.SysTick_Handler)
    i.SystemInit                             0x08002814   Section        0  system_stm32f10x.o(i.SystemInit)
    i.TIM_ARRPreloadConfig                   0x08002874   Section        0  stm32f10x_tim.o(i.TIM_ARRPreloadConfig)
    i.TIM_Cmd                                0x0800288c   Section        0  stm32f10x_tim.o(i.TIM_Cmd)
    i.TIM_CtrlPWMOutputs                     0x080028a4   Section        0  stm32f10x_tim.o(i.TIM_CtrlPWMOutputs)
    i.TIM_OC1Init                            0x080028c4   Section        0  stm32f10x_tim.o(i.TIM_OC1Init)
    i.TIM_OC1PreloadConfig                   0x0800295c   Section        0  stm32f10x_tim.o(i.TIM_OC1PreloadConfig)
    i.TIM_OC2Init                            0x08002970   Section        0  stm32f10x_tim.o(i.TIM_OC2Init)
    i.TIM_OC2PreloadConfig                   0x08002a14   Section        0  stm32f10x_tim.o(i.TIM_OC2PreloadConfig)
    i.TIM_OC3Init                            0x08002a30   Section        0  stm32f10x_tim.o(i.TIM_OC3Init)
    i.TIM_OC3PreloadConfig                   0x08002ad0   Section        0  stm32f10x_tim.o(i.TIM_OC3PreloadConfig)
    i.TIM_OC4Init                            0x08002ae4   Section        0  stm32f10x_tim.o(i.TIM_OC4Init)
    i.TIM_OC4PreloadConfig                   0x08002b60   Section        0  stm32f10x_tim.o(i.TIM_OC4PreloadConfig)
    i.TIM_TimeBaseInit                       0x08002b7c   Section        0  stm32f10x_tim.o(i.TIM_TimeBaseInit)
    i.USART1_IRQHandler                      0x08002c20   Section        0  usart.o(i.USART1_IRQHandler)
    i.USART_ClearITPendingBit                0x08002cc0   Section        0  stm32f10x_usart.o(i.USART_ClearITPendingBit)
    i.USART_Cmd                              0x08002cde   Section        0  stm32f10x_usart.o(i.USART_Cmd)
    i.USART_DMACmd                           0x08002cf6   Section        0  stm32f10x_usart.o(i.USART_DMACmd)
    i.USART_GetITStatus                      0x08002d08   Section        0  stm32f10x_usart.o(i.USART_GetITStatus)
    i.USART_ITConfig                         0x08002d5c   Section        0  stm32f10x_usart.o(i.USART_ITConfig)
    i.USART_Init                             0x08002da8   Section        0  stm32f10x_usart.o(i.USART_Init)
    i.UsageFault_Handler                     0x08002e80   Section        0  stm32f10x_it.o(i.UsageFault_Handler)
    i.Usart1Init                             0x08002e84   Section        0  usart.o(i.Usart1Init)
    i.__0vsprintf                            0x08002fac   Section        0  printfa.o(i.__0vsprintf)
    i.__scatterload_copy                     0x08002fd0   Section       14  handlers.o(i.__scatterload_copy)
    i.__scatterload_null                     0x08002fde   Section        2  handlers.o(i.__scatterload_null)
    i.__scatterload_zeroinit                 0x08002fe0   Section       14  handlers.o(i.__scatterload_zeroinit)
    i._fp_digits                             0x08002ff0   Section        0  printfa.o(i._fp_digits)
    _fp_digits                               0x08002ff1   Thumb Code   366  printfa.o(i._fp_digits)
    i._is_digit                              0x08003174   Section        0  scanf_fp.o(i._is_digit)
    i._printf_core                           0x08003184   Section        0  printfa.o(i._printf_core)
    _printf_core                             0x08003185   Thumb Code  1744  printfa.o(i._printf_core)
    i._printf_post_padding                   0x08003860   Section        0  printfa.o(i._printf_post_padding)
    _printf_post_padding                     0x08003861   Thumb Code    36  printfa.o(i._printf_post_padding)
    i._printf_pre_padding                    0x08003884   Section        0  printfa.o(i._printf_pre_padding)
    _printf_pre_padding                      0x08003885   Thumb Code    46  printfa.o(i._printf_pre_padding)
    i._sputc                                 0x080038b2   Section        0  printfa.o(i._sputc)
    _sputc                                   0x080038b3   Thumb Code    10  printfa.o(i._sputc)
    i.main                                   0x080038bc   Section        0  main.o(i.main)
    i.prvAddCurrentTaskToDelayedList         0x08003900   Section        0  tasks.o(i.prvAddCurrentTaskToDelayedList)
    prvAddCurrentTaskToDelayedList           0x08003901   Thumb Code   124  tasks.o(i.prvAddCurrentTaskToDelayedList)
    i.prvAddNewTaskToReadyList               0x08003998   Section        0  tasks.o(i.prvAddNewTaskToReadyList)
    prvAddNewTaskToReadyList                 0x08003999   Thumb Code   156  tasks.o(i.prvAddNewTaskToReadyList)
    i.prvCheckTasksWaitingTermination        0x08003a50   Section        0  tasks.o(i.prvCheckTasksWaitingTermination)
    prvCheckTasksWaitingTermination          0x08003a51   Thumb Code    60  tasks.o(i.prvCheckTasksWaitingTermination)
    i.prvCopyDataToQueue                     0x08003a98   Section        0  queue.o(i.prvCopyDataToQueue)
    prvCopyDataToQueue                       0x08003a99   Thumb Code   126  queue.o(i.prvCopyDataToQueue)
    i.prvDeleteTCB                           0x08003b16   Section        0  tasks.o(i.prvDeleteTCB)
    prvDeleteTCB                             0x08003b17   Thumb Code    18  tasks.o(i.prvDeleteTCB)
    i.prvGetDisinheritPriorityAfterTimeout   0x08003b28   Section        0  queue.o(i.prvGetDisinheritPriorityAfterTimeout)
    prvGetDisinheritPriorityAfterTimeout     0x08003b29   Thumb Code    20  queue.o(i.prvGetDisinheritPriorityAfterTimeout)
    i.prvHeapInit                            0x08003b3c   Section        0  heap_4.o(i.prvHeapInit)
    prvHeapInit                              0x08003b3d   Thumb Code    98  heap_4.o(i.prvHeapInit)
    i.prvIdleTask                            0x08003bb8   Section        0  tasks.o(i.prvIdleTask)
    prvIdleTask                              0x08003bb9   Thumb Code    32  tasks.o(i.prvIdleTask)
    i.prvInitialiseNewQueue                  0x08003be0   Section        0  queue.o(i.prvInitialiseNewQueue)
    prvInitialiseNewQueue                    0x08003be1   Thumb Code    46  queue.o(i.prvInitialiseNewQueue)
    i.prvInitialiseNewTask                   0x08003c0e   Section        0  tasks.o(i.prvInitialiseNewTask)
    prvInitialiseNewTask                     0x08003c0f   Thumb Code   144  tasks.o(i.prvInitialiseNewTask)
    i.prvInitialiseTaskLists                 0x08003ca0   Section        0  tasks.o(i.prvInitialiseTaskLists)
    prvInitialiseTaskLists                   0x08003ca1   Thumb Code    70  tasks.o(i.prvInitialiseTaskLists)
    i.prvInsertBlockIntoFreeList             0x08003d08   Section        0  heap_4.o(i.prvInsertBlockIntoFreeList)
    prvInsertBlockIntoFreeList               0x08003d09   Thumb Code    96  heap_4.o(i.prvInsertBlockIntoFreeList)
    i.prvIsQueueEmpty                        0x08003d70   Section        0  queue.o(i.prvIsQueueEmpty)
    prvIsQueueEmpty                          0x08003d71   Thumb Code    26  queue.o(i.prvIsQueueEmpty)
    i.prvIsQueueFull                         0x08003d8a   Section        0  queue.o(i.prvIsQueueFull)
    prvIsQueueFull                           0x08003d8b   Thumb Code    30  queue.o(i.prvIsQueueFull)
    i.prvNotifyQueueSetContainer             0x08003da8   Section        0  queue.o(i.prvNotifyQueueSetContainer)
    prvNotifyQueueSetContainer               0x08003da9   Thumb Code    84  queue.o(i.prvNotifyQueueSetContainer)
    i.prvResetNextTaskUnblockTime            0x08003dfc   Section        0  tasks.o(i.prvResetNextTaskUnblockTime)
    prvResetNextTaskUnblockTime              0x08003dfd   Thumb Code    42  tasks.o(i.prvResetNextTaskUnblockTime)
    i.prvSearchForNameWithinSingleList       0x08003e30   Section        0  tasks.o(i.prvSearchForNameWithinSingleList)
    prvSearchForNameWithinSingleList         0x08003e31   Thumb Code   176  tasks.o(i.prvSearchForNameWithinSingleList)
    i.prvTaskCheckFreeStackSpace             0x08003ee0   Section        0  tasks.o(i.prvTaskCheckFreeStackSpace)
    prvTaskCheckFreeStackSpace               0x08003ee1   Thumb Code    22  tasks.o(i.prvTaskCheckFreeStackSpace)
    i.prvTaskExitError                       0x08003ef6   Section        0  port.o(i.prvTaskExitError)
    prvTaskExitError                         0x08003ef7   Thumb Code    22  port.o(i.prvTaskExitError)
    i.prvUnlockQueue                         0x08003f0c   Section        0  queue.o(i.prvUnlockQueue)
    prvUnlockQueue                           0x08003f0d   Thumb Code   146  queue.o(i.prvUnlockQueue)
    i.pvPortMalloc                           0x08003fa0   Section        0  heap_4.o(i.pvPortMalloc)
    i.pvTaskIncrementMutexHeldCount          0x08004074   Section        0  tasks.o(i.pvTaskIncrementMutexHeldCount)
    i.pxPortInitialiseStack                  0x08004094   Section        0  port.o(i.pxPortInitialiseStack)
    i.uxListRemove                           0x080040b8   Section        0  list.o(i.uxListRemove)
    i.uxTaskGetStackHighWaterMark            0x080040e0   Section        0  tasks.o(i.uxTaskGetStackHighWaterMark)
    i.vListInitialise                        0x08004108   Section        0  list.o(i.vListInitialise)
    i.vListInitialiseItem                    0x08004122   Section        0  list.o(i.vListInitialiseItem)
    i.vListInsert                            0x08004128   Section        0  list.o(i.vListInsert)
    i.vListInsertEnd                         0x0800415c   Section        0  list.o(i.vListInsertEnd)
    i.vPortEnterCritical                     0x08004174   Section        0  port.o(i.vPortEnterCritical)
    i.vPortExitCritical                      0x080041a8   Section        0  port.o(i.vPortExitCritical)
    i.vPortFree                              0x080041c8   Section        0  heap_4.o(i.vPortFree)
    i.vPortSetupTimerInterrupt               0x08004210   Section        0  port.o(i.vPortSetupTimerInterrupt)
    i.vPortValidateInterruptPriority         0x08004238   Section        0  port.o(i.vPortValidateInterruptPriority)
    i.vTaskDelay                             0x08004258   Section        0  tasks.o(i.vTaskDelay)
    i.vTaskInternalSetTimeOutState           0x08004294   Section        0  tasks.o(i.vTaskInternalSetTimeOutState)
    i.vTaskMissedYield                       0x080042ac   Section        0  tasks.o(i.vTaskMissedYield)
    i.vTaskPlaceOnEventList                  0x080042b8   Section        0  tasks.o(i.vTaskPlaceOnEventList)
    i.vTaskPriorityDisinheritAfterTimeout    0x080042d8   Section        0  tasks.o(i.vTaskPriorityDisinheritAfterTimeout)
    i.vTaskStartScheduler                    0x08004390   Section        0  tasks.o(i.vTaskStartScheduler)
    i.vTaskSuspendAll                        0x080043f8   Section        0  tasks.o(i.vTaskSuspendAll)
    i.vTaskSwitchContext                     0x08004408   Section        0  tasks.o(i.vTaskSwitchContext)
    i.xPortStartScheduler                    0x08004474   Section        0  port.o(i.xPortStartScheduler)
    i.xQueueGenericCreate                    0x0800451c   Section        0  queue.o(i.xQueueGenericCreate)
    i.xQueueGenericReset                     0x08004558   Section        0  queue.o(i.xQueueGenericReset)
    i.xQueueGenericSend                      0x080045d8   Section        0  queue.o(i.xQueueGenericSend)
    i.xQueueGiveFromISR                      0x08004724   Section        0  queue.o(i.xQueueGiveFromISR)
    i.xQueueSemaphoreTake                    0x080047b8   Section        0  queue.o(i.xQueueSemaphoreTake)
    i.xTaskCheckForTimeOut                   0x080048ec   Section        0  tasks.o(i.xTaskCheckForTimeOut)
    i.xTaskCreate                            0x08004948   Section        0  tasks.o(i.xTaskCreate)
    i.xTaskGetHandle                         0x080049a8   Section        0  tasks.o(i.xTaskGetHandle)
    i.xTaskGetSchedulerState                 0x08004a28   Section        0  tasks.o(i.xTaskGetSchedulerState)
    i.xTaskIncrementTick                     0x08004a48   Section        0  tasks.o(i.xTaskIncrementTick)
    i.xTaskPriorityDisinherit                0x08004b68   Section        0  tasks.o(i.xTaskPriorityDisinherit)
    i.xTaskPriorityInherit                   0x08004bf4   Section        0  tasks.o(i.xTaskPriorityInherit)
    i.xTaskRemoveFromEventList               0x08004cbc   Section        0  tasks.o(i.xTaskRemoveFromEventList)
    i.xTaskResumeAll                         0x08004d3c   Section        0  tasks.o(i.xTaskResumeAll)
    .constdata                               0x08004e28   Section       10  nrf24l01.o(.constdata)
    .constdata                               0x08004e32   Section       64  ctype_c.o(.constdata)
    .data                                    0x20000000   Section        4  main.o(.data)
    .data                                    0x20000004   Section       20  stm32f10x_rcc.o(.data)
    APBAHBPrescTable                         0x20000004   Data          16  stm32f10x_rcc.o(.data)
    ADCPrescTable                            0x20000014   Data           4  stm32f10x_rcc.o(.data)
    .data                                    0x20000018   Section       20  system_stm32f10x.o(.data)
    .data                                    0x2000002c   Section        1  delay.o(.data)
    fac_us                                   0x2000002c   Data           1  delay.o(.data)
    .data                                    0x2000002d   Section        3  led.o(.data)
    LedState                                 0x2000002d   Data           3  led.o(.data)
    .data                                    0x20000030   Section        5  debug.o(.data)
    .data                                    0x20000038   Section        9  communication.o(.data)
    .data                                    0x20000044   Section       60  tasks.o(.data)
    pxDelayedTaskList                        0x20000048   Data           4  tasks.o(.data)
    pxOverflowDelayedTaskList                0x2000004c   Data           4  tasks.o(.data)
    uxDeletedTasksWaitingCleanUp             0x20000050   Data           4  tasks.o(.data)
    uxCurrentNumberOfTasks                   0x20000054   Data           4  tasks.o(.data)
    xTickCount                               0x20000058   Data           4  tasks.o(.data)
    uxTopReadyPriority                       0x2000005c   Data           4  tasks.o(.data)
    xSchedulerRunning                        0x20000060   Data           4  tasks.o(.data)
    uxPendedTicks                            0x20000064   Data           4  tasks.o(.data)
    xYieldPending                            0x20000068   Data           4  tasks.o(.data)
    xNumOfOverflows                          0x2000006c   Data           4  tasks.o(.data)
    uxTaskNumber                             0x20000070   Data           4  tasks.o(.data)
    xNextTaskUnblockTime                     0x20000074   Data           4  tasks.o(.data)
    xIdleTaskHandle                          0x20000078   Data           4  tasks.o(.data)
    uxSchedulerSuspended                     0x2000007c   Data           4  tasks.o(.data)
    .data                                    0x20000080   Section       24  heap_4.o(.data)
    xStart                                   0x20000080   Data           8  heap_4.o(.data)
    pxEnd                                    0x20000088   Data           4  heap_4.o(.data)
    xFreeBytesRemaining                      0x2000008c   Data           4  heap_4.o(.data)
    xMinimumEverFreeBytesRemaining           0x20000090   Data           4  heap_4.o(.data)
    xBlockAllocatedBit                       0x20000094   Data           4  heap_4.o(.data)
    .data                                    0x20000098   Section       12  port.o(.data)
    uxCriticalNesting                        0x20000098   Data           4  port.o(.data)
    ucMaxSysCallPriority                     0x2000009c   Data           1  port.o(.data)
    ulMaxPRIGROUPValue                       0x200000a0   Data           4  port.o(.data)
    .bss                                     0x200000a4   Section      208  usart.o(.bss)
    .bss                                     0x20000174   Section      208  spi.o(.bss)
    .bss                                     0x20000244   Section       32  communication.o(.bss)
    .bss                                     0x20000264   Section      580  tasks.o(.bss)
    pxReadyTasksLists                        0x20000264   Data         480  tasks.o(.bss)
    xDelayedTaskList1                        0x20000444   Data          20  tasks.o(.bss)
    xDelayedTaskList2                        0x20000458   Data          20  tasks.o(.bss)
    xPendingReadyList                        0x2000046c   Data          20  tasks.o(.bss)
    xTasksWaitingTermination                 0x20000480   Data          20  tasks.o(.bss)
    xSuspendedTaskList                       0x20000494   Data          20  tasks.o(.bss)
    .bss                                     0x200004a8   Section    12288  heap_4.o(.bss)
    ucHeap                                   0x200004a8   Data       12288  heap_4.o(.bss)
    STACK                                    0x200034a8   Section      512  startup_stm32f10x_md.o(STACK)

    Global Symbols

    Symbol Name                              Value     Ov Type        Size  Object(Section)

    BuildAttributes$$THM_ISAv4$P$D$K$B$S$PE$A:L22UL41UL21$X:L11$S22US41US21$IEEE1$IW$USESV6$~STKCKD$USESV7$~SHL$OTIME$ROPI$EBA8$MICROLIB$REQ8$PRES8$EABIv2 0x00000000   Number         0  anon$$obj.o ABSOLUTE
    __ARM_use_no_argv                        0x00000000   Number         0  main.o ABSOLUTE
    _printf_a                                0x00000000   Number         0  stubs.o ABSOLUTE
    _printf_c                                0x00000000   Number         0  stubs.o ABSOLUTE
    _printf_charcount                        0x00000000   Number         0  stubs.o ABSOLUTE
    _printf_d                                0x00000000   Number         0  stubs.o ABSOLUTE
    _printf_e                                0x00000000   Number         0  stubs.o ABSOLUTE
    _printf_f                                0x00000000   Number         0  stubs.o ABSOLUTE
    _printf_flags                            0x00000000   Number         0  stubs.o ABSOLUTE
    _printf_fp_dec                           0x00000000   Number         0  stubs.o ABSOLUTE
    _printf_fp_hex                           0x00000000   Number         0  stubs.o ABSOLUTE
    _printf_g                                0x00000000   Number         0  stubs.o ABSOLUTE
    _printf_i                                0x00000000   Number         0  stubs.o ABSOLUTE
    _printf_int_dec                          0x00000000   Number         0  stubs.o ABSOLUTE
    _printf_l                                0x00000000   Number         0  stubs.o ABSOLUTE
    _printf_lc                               0x00000000   Number         0  stubs.o ABSOLUTE
    _printf_ll                               0x00000000   Number         0  stubs.o ABSOLUTE
    _printf_lld                              0x00000000   Number         0  stubs.o ABSOLUTE
    _printf_lli                              0x00000000   Number         0  stubs.o ABSOLUTE
    _printf_llo                              0x00000000   Number         0  stubs.o ABSOLUTE
    _printf_llu                              0x00000000   Number         0  stubs.o ABSOLUTE
    _printf_llx                              0x00000000   Number         0  stubs.o ABSOLUTE
    _printf_longlong_dec                     0x00000000   Number         0  stubs.o ABSOLUTE
    _printf_longlong_hex                     0x00000000   Number         0  stubs.o ABSOLUTE
    _printf_longlong_oct                     0x00000000   Number         0  stubs.o ABSOLUTE
    _printf_ls                               0x00000000   Number         0  stubs.o ABSOLUTE
    _printf_mbtowc                           0x00000000   Number         0  stubs.o ABSOLUTE
    _printf_n                                0x00000000   Number         0  stubs.o ABSOLUTE
    _printf_o                                0x00000000   Number         0  stubs.o ABSOLUTE
    _printf_p                                0x00000000   Number         0  stubs.o ABSOLUTE
    _printf_percent                          0x00000000   Number         0  stubs.o ABSOLUTE
    _printf_pre_padding                      0x00000000   Number         0  stubs.o ABSOLUTE
    _printf_return_value                     0x00000000   Number         0  stubs.o ABSOLUTE
    _printf_s                                0x00000000   Number         0  stubs.o ABSOLUTE
    _printf_sizespec                         0x00000000   Number         0  stubs.o ABSOLUTE
    _printf_str                              0x00000000   Number         0  stubs.o ABSOLUTE
    _printf_truncate_signed                  0x00000000   Number         0  stubs.o ABSOLUTE
    _printf_truncate_unsigned                0x00000000   Number         0  stubs.o ABSOLUTE
    _printf_u                                0x00000000   Number         0  stubs.o ABSOLUTE
    _printf_wc                               0x00000000   Number         0  stubs.o ABSOLUTE
    _printf_wctomb                           0x00000000   Number         0  stubs.o ABSOLUTE
    _printf_widthprec                        0x00000000   Number         0  stubs.o ABSOLUTE
    _printf_x                                0x00000000   Number         0  stubs.o ABSOLUTE
    __cpp_initialize__aeabi_                  - Undefined Weak Reference
    __cxa_finalize                            - Undefined Weak Reference
    __decompress                              - Undefined Weak Reference
    _clock_init                               - Undefined Weak Reference
    _microlib_exit                            - Undefined Weak Reference
    _scanf_longlong                           - Undefined Weak Reference
    _scanf_string                             - Undefined Weak Reference
    __Vectors_Size                           0x000000ec   Number         0  startup_stm32f10x_md.o ABSOLUTE
    __Vectors                                0x08000000   Data           4  startup_stm32f10x_md.o(RESET)
    __Vectors_End                            0x080000ec   Data           0  startup_stm32f10x_md.o(RESET)
    __main                                   0x080000ed   Thumb Code     0  entry.o(.ARM.Collect$$$$00000000)
    _main_stk                                0x080000ed   Thumb Code     0  entry2.o(.ARM.Collect$$$$00000001)
    _main_scatterload                        0x080000f1   Thumb Code     0  entry5.o(.ARM.Collect$$$$00000004)
    __main_after_scatterload                 0x080000f5   Thumb Code     0  entry5.o(.ARM.Collect$$$$00000004)
    _main_clock                              0x080000f5   Thumb Code     0  entry7b.o(.ARM.Collect$$$$00000008)
    _main_cpp_init                           0x080000f5   Thumb Code     0  entry8b.o(.ARM.Collect$$$$0000000A)
    _main_init                               0x080000f5   Thumb Code     0  entry9a.o(.ARM.Collect$$$$0000000B)
    __rt_final_cpp                           0x080000fd   Thumb Code     0  entry10a.o(.ARM.Collect$$$$0000000D)
    __rt_final_exit                          0x080000fd   Thumb Code     0  entry11a.o(.ARM.Collect$$$$0000000F)
    SVC_Handler                              0x08000101   Thumb Code    32  port.o(.emb_text)
    __asm___6_port_c_39a90d8d__prvStartFirstTask 0x08000125   Thumb Code    28  port.o(.emb_text)
    PendSV_Handler                           0x08000145   Thumb Code    72  port.o(.emb_text)
    vPortGetIPSR                             0x08000191   Thumb Code     6  port.o(.emb_text)
    Reset_Handler                            0x08000199   Thumb Code     8  startup_stm32f10x_md.o(.text)
    ADC1_2_IRQHandler                        0x080001b3   Thumb Code     0  startup_stm32f10x_md.o(.text)
    CAN1_RX1_IRQHandler                      0x080001b3   Thumb Code     0  startup_stm32f10x_md.o(.text)
    CAN1_SCE_IRQHandler                      0x080001b3   Thumb Code     0  startup_stm32f10x_md.o(.text)
    DMA1_Channel1_IRQHandler                 0x080001b3   Thumb Code     0  startup_stm32f10x_md.o(.text)
    DMA1_Channel3_IRQHandler                 0x080001b3   Thumb Code     0  startup_stm32f10x_md.o(.text)
    DMA1_Channel4_IRQHandler                 0x080001b3   Thumb Code     0  startup_stm32f10x_md.o(.text)
    DMA1_Channel5_IRQHandler                 0x080001b3   Thumb Code     0  startup_stm32f10x_md.o(.text)
    DMA1_Channel6_IRQHandler                 0x080001b3   Thumb Code     0  startup_stm32f10x_md.o(.text)
    DMA1_Channel7_IRQHandler                 0x080001b3   Thumb Code     0  startup_stm32f10x_md.o(.text)
    EXTI0_IRQHandler                         0x080001b3   Thumb Code     0  startup_stm32f10x_md.o(.text)
    EXTI15_10_IRQHandler                     0x080001b3   Thumb Code     0  startup_stm32f10x_md.o(.text)
    EXTI1_IRQHandler                         0x080001b3   Thumb Code     0  startup_stm32f10x_md.o(.text)
    EXTI2_IRQHandler                         0x080001b3   Thumb Code     0  startup_stm32f10x_md.o(.text)
    EXTI3_IRQHandler                         0x080001b3   Thumb Code     0  startup_stm32f10x_md.o(.text)
    EXTI4_IRQHandler                         0x080001b3   Thumb Code     0  startup_stm32f10x_md.o(.text)
    EXTI9_5_IRQHandler                       0x080001b3   Thumb Code     0  startup_stm32f10x_md.o(.text)
    FLASH_IRQHandler                         0x080001b3   Thumb Code     0  startup_stm32f10x_md.o(.text)
    I2C1_ER_IRQHandler                       0x080001b3   Thumb Code     0  startup_stm32f10x_md.o(.text)
    I2C1_EV_IRQHandler                       0x080001b3   Thumb Code     0  startup_stm32f10x_md.o(.text)
    I2C2_ER_IRQHandler                       0x080001b3   Thumb Code     0  startup_stm32f10x_md.o(.text)
    I2C2_EV_IRQHandler                       0x080001b3   Thumb Code     0  startup_stm32f10x_md.o(.text)
    PVD_IRQHandler                           0x080001b3   Thumb Code     0  startup_stm32f10x_md.o(.text)
    RCC_IRQHandler                           0x080001b3   Thumb Code     0  startup_stm32f10x_md.o(.text)
    RTCAlarm_IRQHandler                      0x080001b3   Thumb Code     0  startup_stm32f10x_md.o(.text)
    RTC_IRQHandler                           0x080001b3   Thumb Code     0  startup_stm32f10x_md.o(.text)
    SPI1_IRQHandler                          0x080001b3   Thumb Code     0  startup_stm32f10x_md.o(.text)
    SPI2_IRQHandler                          0x080001b3   Thumb Code     0  startup_stm32f10x_md.o(.text)
    TAMPER_IRQHandler                        0x080001b3   Thumb Code     0  startup_stm32f10x_md.o(.text)
    TIM1_BRK_IRQHandler                      0x080001b3   Thumb Code     0  startup_stm32f10x_md.o(.text)
    TIM1_CC_IRQHandler                       0x080001b3   Thumb Code     0  startup_stm32f10x_md.o(.text)
    TIM1_TRG_COM_IRQHandler                  0x080001b3   Thumb Code     0  startup_stm32f10x_md.o(.text)
    TIM1_UP_IRQHandler                       0x080001b3   Thumb Code     0  startup_stm32f10x_md.o(.text)
    TIM2_IRQHandler                          0x080001b3   Thumb Code     0  startup_stm32f10x_md.o(.text)
    TIM3_IRQHandler                          0x080001b3   Thumb Code     0  startup_stm32f10x_md.o(.text)
    TIM4_IRQHandler                          0x080001b3   Thumb Code     0  startup_stm32f10x_md.o(.text)
    USART2_IRQHandler                        0x080001b3   Thumb Code     0  startup_stm32f10x_md.o(.text)
    USART3_IRQHandler                        0x080001b3   Thumb Code     0  startup_stm32f10x_md.o(.text)
    USBWakeUp_IRQHandler                     0x080001b3   Thumb Code     0  startup_stm32f10x_md.o(.text)
    USB_HP_CAN1_TX_IRQHandler                0x080001b3   Thumb Code     0  startup_stm32f10x_md.o(.text)
    USB_LP_CAN1_RX0_IRQHandler               0x080001b3   Thumb Code     0  startup_stm32f10x_md.o(.text)
    WWDG_IRQHandler                          0x080001b3   Thumb Code     0  startup_stm32f10x_md.o(.text)
    __aeabi_memcpy                           0x080001bd   Thumb Code    36  memcpya.o(.text)
    __aeabi_memcpy4                          0x080001bd   Thumb Code     0  memcpya.o(.text)
    __aeabi_memcpy8                          0x080001bd   Thumb Code     0  memcpya.o(.text)
    __aeabi_memset                           0x080001e1   Thumb Code    14  memseta.o(.text)
    __aeabi_memset4                          0x080001e1   Thumb Code     0  memseta.o(.text)
    __aeabi_memset8                          0x080001e1   Thumb Code     0  memseta.o(.text)
    __aeabi_memclr                           0x080001ef   Thumb Code     4  memseta.o(.text)
    __aeabi_memclr4                          0x080001ef   Thumb Code     0  memseta.o(.text)
    __aeabi_memclr8                          0x080001ef   Thumb Code     0  memseta.o(.text)
    _memset$wrapper                          0x080001f3   Thumb Code    18  memseta.o(.text)
    strstr                                   0x08000205   Thumb Code    36  strstr.o(.text)
    strlen                                   0x08000229   Thumb Code    14  strlen.o(.text)
    __0sscanf                                0x08000239   Thumb Code    48  __0sscanf.o(.text)
    _scanf_int                               0x08000271   Thumb Code   332  _scanf_int.o(.text)
    _scanf_real                              0x080004e5   Thumb Code     0  scanf_fp.o(.text)
    _scanf_really_real                       0x080004e5   Thumb Code   556  scanf_fp.o(.text)
    __aeabi_dadd                             0x0800071d   Thumb Code   322  dadd.o(.text)
    __aeabi_dsub                             0x0800085f   Thumb Code     6  dadd.o(.text)
    __aeabi_drsub                            0x08000865   Thumb Code     6  dadd.o(.text)
    __aeabi_ddiv                             0x0800086b   Thumb Code   222  ddiv.o(.text)
    __aeabi_d2uiz                            0x08000949   Thumb Code    50  dfixui.o(.text)
    __aeabi_f2d                              0x0800097b   Thumb Code    38  f2d.o(.text)
    __aeabi_cfcmpeq                          0x080009a1   Thumb Code     0  cfcmple.o(.text)
    __aeabi_cfcmple                          0x080009a1   Thumb Code    20  cfcmple.o(.text)
    __aeabi_cfrcmple                         0x080009b5   Thumb Code    20  cfrcmple.o(.text)
    __aeabi_uidiv                            0x080009c9   Thumb Code     0  uidiv.o(.text)
    __aeabi_uidivmod                         0x080009c9   Thumb Code    44  uidiv.o(.text)
    __aeabi_uldivmod                         0x080009f5   Thumb Code    98  uldiv.o(.text)
    __aeabi_llsl                             0x08000a57   Thumb Code    30  llshl.o(.text)
    _ll_shift_l                              0x08000a57   Thumb Code     0  llshl.o(.text)
    __aeabi_llsr                             0x08000a75   Thumb Code    32  llushr.o(.text)
    _ll_ushift_r                             0x08000a75   Thumb Code     0  llushr.o(.text)
    __aeabi_lasr                             0x08000a95   Thumb Code    36  llsshr.o(.text)
    _ll_sshift_r                             0x08000a95   Thumb Code     0  llsshr.o(.text)
    _chval                                   0x08000ab9   Thumb Code    28  _chval.o(.text)
    __vfscanf_char                           0x08000ae1   Thumb Code    20  scanf_char.o(.text)
    _sgetc                                   0x08000afd   Thumb Code    30  _sgetc.o(.text)
    _sbackspace                              0x08000b1b   Thumb Code    34  _sgetc.o(.text)
    __I$use$fp                               0x08000b3d   Thumb Code     0  iusefp.o(.text)
    _double_round                            0x08000b3d   Thumb Code    30  depilogue.o(.text)
    _double_epilogue                         0x08000b5b   Thumb Code   156  depilogue.o(.text)
    __aeabi_dmul                             0x08000bf7   Thumb Code   228  dmul.o(.text)
    __aeabi_ul2d                             0x08000cdb   Thumb Code    24  dfltul.o(.text)
    __aeabi_d2ulz                            0x08000cf3   Thumb Code    48  dfixul.o(.text)
    __aeabi_cdrcmple                         0x08000d25   Thumb Code    48  cdrcmple.o(.text)
    __aeabi_d2f                              0x08000d55   Thumb Code    56  d2f.o(.text)
    __scatterload                            0x08000d8d   Thumb Code    28  init.o(.text)
    __scatterload_rt2                        0x08000d8d   Thumb Code     0  init.o(.text)
    isspace                                  0x08000db1   Thumb Code    10  isspace_c.o(.text)
    __vfscanf                                0x08000dbd   Thumb Code   808  _scanf.o(.text)
    _float_round                             0x080010e9   Thumb Code    18  fepilogue.o(.text)
    _float_epilogue                          0x080010fb   Thumb Code    92  fepilogue.o(.text)
    __ctype_lookup                           0x08001159   Thumb Code    34  ctype_c.o(.text)
    AlterEngineAngle                         0x08001181   Thumb Code   202  arm.o(i.AlterEngineAngle)
    AlterLedState                            0x0800125d   Thumb Code    68  led.o(i.AlterLedState)
    ArmInit                                  0x080012a9   Thumb Code   122  arm.o(i.ArmInit)
    BusFault_Handler                         0x0800132d   Thumb Code     4  stm32f10x_it.o(i.BusFault_Handler)
    CmucTask                                 0x08001331   Thumb Code    58  communication.o(i.CmucTask)
    CommunicationInit                        0x080013a1   Thumb Code    52  communication.o(i.CommunicationInit)
    DMA1_Channel2_IRQHandler                 0x080013f9   Thumb Code    58  spi.o(i.DMA1_Channel2_IRQHandler)
    DMA_ClearITPendingBit                    0x0800143d   Thumb Code    18  stm32f10x_dma.o(i.DMA_ClearITPendingBit)
    DMA_Cmd                                  0x08001459   Thumb Code    24  stm32f10x_dma.o(i.DMA_Cmd)
    DMA_GetCurrDataCounter                   0x08001471   Thumb Code     8  stm32f10x_dma.o(i.DMA_GetCurrDataCounter)
    DMA_GetITStatus                          0x08001479   Thumb Code    36  stm32f10x_dma.o(i.DMA_GetITStatus)
    DMA_ITConfig                             0x080014a5   Thumb Code    18  stm32f10x_dma.o(i.DMA_ITConfig)
    DMA_Init                                 0x080014b7   Thumb Code    60  stm32f10x_dma.o(i.DMA_Init)
    DebugInit                                0x080014f5   Thumb Code    28  debug.o(i.DebugInit)
    DebugMenu                                0x08001525   Thumb Code    70  debug.o(i.DebugMenu)
    DebugMon_Handler                         0x08001791   Thumb Code     2  stm32f10x_it.o(i.DebugMon_Handler)
    DebugPrintf                              0x08001795   Thumb Code    62  debug.o(i.DebugPrintf)
    DebugTask                                0x080017dd   Thumb Code   386  debug.o(i.DebugTask)
    DelayInit                                0x08001acd   Thumb Code    22  delay.o(i.DelayInit)
    GPIO_Init                                0x08001aed   Thumb Code   278  stm32f10x_gpio.o(i.GPIO_Init)
    GPIO_PinRemapConfig                      0x08001c05   Thumb Code   138  stm32f10x_gpio.o(i.GPIO_PinRemapConfig)
    GPIO_ReadInputDataBit                    0x08001c95   Thumb Code    18  stm32f10x_gpio.o(i.GPIO_ReadInputDataBit)
    GPIO_WriteBit                            0x08001ca7   Thumb Code    10  stm32f10x_gpio.o(i.GPIO_WriteBit)
    HardFault_Handler                        0x08001cb1   Thumb Code     4  stm32f10x_it.o(i.HardFault_Handler)
    LedInit                                  0x08001cb5   Thumb Code    90  led.o(i.LedInit)
    LedTask                                  0x08001d19   Thumb Code   110  communication.o(i.LedTask)
    LedToggle                                0x08001d91   Thumb Code   144  led.o(i.LedToggle)
    McuDmaInit                               0x08001e2d   Thumb Code    68  mcu_dma.o(i.McuDmaInit)
    McuDmaResetMemoryBaseAddr                0x08001e71   Thumb Code    30  mcu_dma.o(i.McuDmaResetMemoryBaseAddr)
    McuGpioInit                              0x08001e8f   Thumb Code    32  mcu_gpio.o(i.McuGpioInit)
    McuGpioSwjJtagDisable                    0x08001eb1   Thumb Code    28  mcu_gpio.o(i.McuGpioSwjJtagDisable)
    McuNvicInit                              0x08001ed1   Thumb Code    34  mcu_nvic.o(i.McuNvicInit)
    McuSpiInit                               0x08001ef3   Thumb Code    70  mcu_spi.o(i.McuSpiInit)
    McuTimerBaseInit                         0x08001f39   Thumb Code    48  mcu_timer.o(i.McuTimerBaseInit)
    McuTimerPwmInit                          0x08001f69   Thumb Code   186  mcu_timer.o(i.McuTimerPwmInit)
    McuUsartInit                             0x08002023   Thumb Code    54  mcu_usart.o(i.McuUsartInit)
    MemManage_Handler                        0x08002059   Thumb Code     4  stm32f10x_it.o(i.MemManage_Handler)
    NMI_Handler                              0x0800205d   Thumb Code     2  stm32f10x_it.o(i.NMI_Handler)
    NRF24L01_Check                           0x08002061   Thumb Code    66  nrf24l01.o(i.NRF24L01_Check)
    NRF24L01_RX_Mode                         0x080020ad   Thumb Code    82  nrf24l01.o(i.NRF24L01_RX_Mode)
    NRF24L01_Read_Buf                        0x08002109   Thumb Code    58  nrf24l01.o(i.NRF24L01_Read_Buf)
    NRF24L01_Read_Reg                        0x0800214d   Thumb Code    54  nrf24l01.o(i.NRF24L01_Read_Reg)
    NRF24L01_RxPacket                        0x0800218d   Thumb Code    68  nrf24l01.o(i.NRF24L01_RxPacket)
    NRF24L01_Write_Buf                       0x080021d5   Thumb Code    58  nrf24l01.o(i.NRF24L01_Write_Buf)
    NRF24L01_Write_Reg                       0x0800221d   Thumb Code    56  nrf24l01.o(i.NRF24L01_Write_Reg)
    NVIC_Init                                0x0800225d   Thumb Code   100  misc.o(i.NVIC_Init)
    NVIC_PriorityGroupConfig                 0x080022cd   Thumb Code    10  misc.o(i.NVIC_PriorityGroupConfig)
    Nrf24l01Init                             0x080022e1   Thumb Code    80  nrf24l01.o(i.Nrf24l01Init)
    RCC_AHBPeriphClockCmd                    0x08002339   Thumb Code    26  stm32f10x_rcc.o(i.RCC_AHBPeriphClockCmd)
    RCC_APB1PeriphClockCmd                   0x08002359   Thumb Code    26  stm32f10x_rcc.o(i.RCC_APB1PeriphClockCmd)
    RCC_APB2PeriphClockCmd                   0x08002379   Thumb Code    26  stm32f10x_rcc.o(i.RCC_APB2PeriphClockCmd)
    RCC_GetClocksFreq                        0x08002399   Thumb Code   192  stm32f10x_rcc.o(i.RCC_GetClocksFreq)
    SPI_Cmd                                  0x0800246d   Thumb Code    24  stm32f10x_spi.o(i.SPI_Cmd)
    SPI_I2S_DMACmd                           0x08002485   Thumb Code    18  stm32f10x_spi.o(i.SPI_I2S_DMACmd)
    SPI_Init                                 0x08002497   Thumb Code    60  stm32f10x_spi.o(i.SPI_Init)
    Spi1Init                                 0x080025bd   Thumb Code   286  spi.o(i.Spi1Init)
    SpiReadWriteBuf                          0x080026ed   Thumb Code    88  spi.o(i.SpiReadWriteBuf)
    SpiReadWriteSameData                     0x08002751   Thumb Code   104  spi.o(i.SpiReadWriteSameData)
    StartTask                                0x080027c5   Thumb Code    26  main.o(i.StartTask)
    SysTick_Handler                          0x080027e1   Thumb Code    46  port.o(i.SysTick_Handler)
    SystemInit                               0x08002815   Thumb Code    78  system_stm32f10x.o(i.SystemInit)
    TIM_ARRPreloadConfig                     0x08002875   Thumb Code    24  stm32f10x_tim.o(i.TIM_ARRPreloadConfig)
    TIM_Cmd                                  0x0800288d   Thumb Code    24  stm32f10x_tim.o(i.TIM_Cmd)
    TIM_CtrlPWMOutputs                       0x080028a5   Thumb Code    30  stm32f10x_tim.o(i.TIM_CtrlPWMOutputs)
    TIM_OC1Init                              0x080028c5   Thumb Code   132  stm32f10x_tim.o(i.TIM_OC1Init)
    TIM_OC1PreloadConfig                     0x0800295d   Thumb Code    18  stm32f10x_tim.o(i.TIM_OC1PreloadConfig)
    TIM_OC2Init                              0x08002971   Thumb Code   154  stm32f10x_tim.o(i.TIM_OC2Init)
    TIM_OC2PreloadConfig                     0x08002a15   Thumb Code    26  stm32f10x_tim.o(i.TIM_OC2PreloadConfig)
    TIM_OC3Init                              0x08002a31   Thumb Code   150  stm32f10x_tim.o(i.TIM_OC3Init)
    TIM_OC3PreloadConfig                     0x08002ad1   Thumb Code    18  stm32f10x_tim.o(i.TIM_OC3PreloadConfig)
    TIM_OC4Init                              0x08002ae5   Thumb Code   114  stm32f10x_tim.o(i.TIM_OC4Init)
    TIM_OC4PreloadConfig                     0x08002b61   Thumb Code    26  stm32f10x_tim.o(i.TIM_OC4PreloadConfig)
    TIM_TimeBaseInit                         0x08002b7d   Thumb Code   122  stm32f10x_tim.o(i.TIM_TimeBaseInit)
    USART1_IRQHandler                        0x08002c21   Thumb Code   142  usart.o(i.USART1_IRQHandler)
    USART_ClearITPendingBit                  0x08002cc1   Thumb Code    30  stm32f10x_usart.o(i.USART_ClearITPendingBit)
    USART_Cmd                                0x08002cdf   Thumb Code    24  stm32f10x_usart.o(i.USART_Cmd)
    USART_DMACmd                             0x08002cf7   Thumb Code    18  stm32f10x_usart.o(i.USART_DMACmd)
    USART_GetITStatus                        0x08002d09   Thumb Code    84  stm32f10x_usart.o(i.USART_GetITStatus)
    USART_ITConfig                           0x08002d5d   Thumb Code    74  stm32f10x_usart.o(i.USART_ITConfig)
    USART_Init                               0x08002da9   Thumb Code   210  stm32f10x_usart.o(i.USART_Init)
    UsageFault_Handler                       0x08002e81   Thumb Code     4  stm32f10x_it.o(i.UsageFault_Handler)
    Usart1Init                               0x08002e85   Thumb Code   278  usart.o(i.Usart1Init)
    __0vsprintf                              0x08002fad   Thumb Code    30  printfa.o(i.__0vsprintf)
    __1vsprintf                              0x08002fad   Thumb Code     0  printfa.o(i.__0vsprintf)
    __2vsprintf                              0x08002fad   Thumb Code     0  printfa.o(i.__0vsprintf)
    __c89vsprintf                            0x08002fad   Thumb Code     0  printfa.o(i.__0vsprintf)
    vsprintf                                 0x08002fad   Thumb Code     0  printfa.o(i.__0vsprintf)
    __scatterload_copy                       0x08002fd1   Thumb Code    14  handlers.o(i.__scatterload_copy)
    __scatterload_null                       0x08002fdf   Thumb Code     2  handlers.o(i.__scatterload_null)
    __scatterload_zeroinit                   0x08002fe1   Thumb Code    14  handlers.o(i.__scatterload_zeroinit)
    _is_digit                                0x08003175   Thumb Code    14  scanf_fp.o(i._is_digit)
    main                                     0x080038bd   Thumb Code    46  main.o(i.main)
    pvPortMalloc                             0x08003fa1   Thumb Code   190  heap_4.o(i.pvPortMalloc)
    pvTaskIncrementMutexHeldCount            0x08004075   Thumb Code    26  tasks.o(i.pvTaskIncrementMutexHeldCount)
    pxPortInitialiseStack                    0x08004095   Thumb Code    30  port.o(i.pxPortInitialiseStack)
    uxListRemove                             0x080040b9   Thumb Code    40  list.o(i.uxListRemove)
    uxTaskGetStackHighWaterMark              0x080040e1   Thumb Code    34  tasks.o(i.uxTaskGetStackHighWaterMark)
    vListInitialise                          0x08004109   Thumb Code    26  list.o(i.vListInitialise)
    vListInitialiseItem                      0x08004123   Thumb Code     6  list.o(i.vListInitialiseItem)
    vListInsert                              0x08004129   Thumb Code    52  list.o(i.vListInsert)
    vListInsertEnd                           0x0800415d   Thumb Code    24  list.o(i.vListInsertEnd)
    vPortEnterCritical                       0x08004175   Thumb Code    42  port.o(i.vPortEnterCritical)
    vPortExitCritical                        0x080041a9   Thumb Code    28  port.o(i.vPortExitCritical)
    vPortFree                                0x080041c9   Thumb Code    64  heap_4.o(i.vPortFree)
    vPortSetupTimerInterrupt                 0x08004211   Thumb Code    36  port.o(i.vPortSetupTimerInterrupt)
    vPortValidateInterruptPriority           0x08004239   Thumb Code    28  port.o(i.vPortValidateInterruptPriority)
    vTaskDelay                               0x08004259   Thumb Code    50  tasks.o(i.vTaskDelay)
    vTaskInternalSetTimeOutState             0x08004295   Thumb Code    14  tasks.o(i.vTaskInternalSetTimeOutState)
    vTaskMissedYield                         0x080042ad   Thumb Code     8  tasks.o(i.vTaskMissedYield)
    vTaskPlaceOnEventList                    0x080042b9   Thumb Code    28  tasks.o(i.vTaskPlaceOnEventList)
    vTaskPriorityDisinheritAfterTimeout      0x080042d9   Thumb Code   170  tasks.o(i.vTaskPriorityDisinheritAfterTimeout)
    vTaskStartScheduler                      0x08004391   Thumb Code    76  tasks.o(i.vTaskStartScheduler)
    vTaskSuspendAll                          0x080043f9   Thumb Code    12  tasks.o(i.vTaskSuspendAll)
    vTaskSwitchContext                       0x08004409   Thumb Code    86  tasks.o(i.vTaskSwitchContext)
    xPortStartScheduler                      0x08004475   Thumb Code   148  port.o(i.xPortStartScheduler)
    xQueueGenericCreate                      0x0800451d   Thumb Code    58  queue.o(i.xQueueGenericCreate)
    xQueueGenericReset                       0x08004559   Thumb Code   122  queue.o(i.xQueueGenericReset)
    xQueueGenericSend                        0x080045d9   Thumb Code   328  queue.o(i.xQueueGenericSend)
    xQueueGiveFromISR                        0x08004725   Thumb Code   146  queue.o(i.xQueueGiveFromISR)
    xQueueSemaphoreTake                      0x080047b9   Thumb Code   304  queue.o(i.xQueueSemaphoreTake)
    xTaskCheckForTimeOut                     0x080048ed   Thumb Code    84  tasks.o(i.xTaskCheckForTimeOut)
    xTaskCreate                              0x08004949   Thumb Code    96  tasks.o(i.xTaskCreate)
    xTaskGetHandle                           0x080049a9   Thumb Code   108  tasks.o(i.xTaskGetHandle)
    xTaskGetSchedulerState                   0x08004a29   Thumb Code    24  tasks.o(i.xTaskGetSchedulerState)
    xTaskIncrementTick                       0x08004a49   Thumb Code   244  tasks.o(i.xTaskIncrementTick)
    xTaskPriorityDisinherit                  0x08004b69   Thumb Code   128  tasks.o(i.xTaskPriorityDisinherit)
    xTaskPriorityInherit                     0x08004bf5   Thumb Code   186  tasks.o(i.xTaskPriorityInherit)
    xTaskRemoveFromEventList                 0x08004cbd   Thumb Code   104  tasks.o(i.xTaskRemoveFromEventList)
    xTaskResumeAll                           0x08004d3d   Thumb Code   200  tasks.o(i.xTaskResumeAll)
    TX_ADDRESS                               0x08004e28   Data           5  nrf24l01.o(.constdata)
    RX_ADDRESS                               0x08004e2d   Data           5  nrf24l01.o(.constdata)
    __ctype_categories                       0x08004e32   Data          64  ctype_c.o(.constdata)
    Region$$Table$$Base                      0x08004e74   Number         0  anon$$obj.o(Region$$Table)
    Region$$Table$$Limit                     0x08004e94   Number         0  anon$$obj.o(Region$$Table)
    StartTaskHandler                         0x20000000   Data           4  main.o(.data)
    SystemCoreClock                          0x20000018   Data           4  system_stm32f10x.o(.data)
    AHBPrescTable                            0x2000001c   Data          16  system_stm32f10x.o(.data)
    DebugTaskHandler                         0x20000030   Data           4  debug.o(.data)
    DebugLedFlag                             0x20000034   Data           1  debug.o(.data)
    LedTaskHandler                           0x20000038   Data           4  communication.o(.data)
    CmucTaskHandler                          0x2000003c   Data           4  communication.o(.data)
    CmucLedFlag                              0x20000040   Data           1  communication.o(.data)
    pxCurrentTCB                             0x20000044   Data           4  tasks.o(.data)
    Usart1Info                               0x200000a4   Data         208  usart.o(.bss)
    Spi1Info                                 0x20000174   Data         208  spi.o(.bss)
    CommunicationBuf                         0x20000244   Data          32  communication.o(.bss)
    __initial_sp                             0x200036a8   Data           0  startup_stm32f10x_md.o(STACK)



==============================================================================

Memory Map of the image

  Image Entry point : 0x080000ed

  Load Region LR_IROM1 (Base: 0x08000000, Size: 0x00004f38, Max: 0x00010000, ABSOLUTE)

    Execution Region ER_IROM1 (Exec base: 0x08000000, Load base: 0x08000000, Size: 0x00004e94, Max: 0x00010000, ABSOLUTE)

    Exec Addr    Load Addr    Size         Type   Attr      Idx    E Section Name        Object

    0x08000000   0x08000000   0x000000ec   Data   RO         2183    RESET               startup_stm32f10x_md.o
    0x080000ec   0x080000ec   0x00000000   Code   RO         3316  * .ARM.Collect$$$$00000000  mc_w.l(entry.o)
    0x080000ec   0x080000ec   0x00000004   Code   RO         3612    .ARM.Collect$$$$00000001  mc_w.l(entry2.o)
    0x080000f0   0x080000f0   0x00000004   Code   RO         3615    .ARM.Collect$$$$00000004  mc_w.l(entry5.o)
    0x080000f4   0x080000f4   0x00000000   Code   RO         3617    .ARM.Collect$$$$00000008  mc_w.l(entry7b.o)
    0x080000f4   0x080000f4   0x00000000   Code   RO         3619    .ARM.Collect$$$$0000000A  mc_w.l(entry8b.o)
    0x080000f4   0x080000f4   0x00000008   Code   RO         3620    .ARM.Collect$$$$0000000B  mc_w.l(entry9a.o)
    0x080000fc   0x080000fc   0x00000000   Code   RO         3622    .ARM.Collect$$$$0000000D  mc_w.l(entry10a.o)
    0x080000fc   0x080000fc   0x00000000   Code   RO         3624    .ARM.Collect$$$$0000000F  mc_w.l(entry11a.o)
    0x080000fc   0x080000fc   0x00000004   Code   RO         3613    .ARM.Collect$$$$00002712  mc_w.l(entry2.o)
    0x08000100   0x08000100   0x00000096   Code   RO         3239    .emb_text           port.o
    0x08000196   0x08000196   0x00000002   PAD
    0x08000198   0x08000198   0x00000024   Code   RO         2184    .text               startup_stm32f10x_md.o
    0x080001bc   0x080001bc   0x00000024   Code   RO         3319    .text               mc_w.l(memcpya.o)
    0x080001e0   0x080001e0   0x00000024   Code   RO         3321    .text               mc_w.l(memseta.o)
    0x08000204   0x08000204   0x00000024   Code   RO         3323    .text               mc_w.l(strstr.o)
    0x08000228   0x08000228   0x0000000e   Code   RO         3325    .text               mc_w.l(strlen.o)
    0x08000236   0x08000236   0x00000002   PAD
    0x08000238   0x08000238   0x00000038   Code   RO         3592    .text               mc_w.l(__0sscanf.o)
    0x08000270   0x08000270   0x0000014c   Code   RO         3594    .text               mc_w.l(_scanf_int.o)
    0x080003bc   0x080003bc   0x00000360   Code   RO         3596    .text               mc_w.l(scanf_fp.o)
    0x0800071c   0x0800071c   0x0000014e   Code   RO         3600    .text               mf_w.l(dadd.o)
    0x0800086a   0x0800086a   0x000000de   Code   RO         3602    .text               mf_w.l(ddiv.o)
    0x08000948   0x08000948   0x00000032   Code   RO         3604    .text               mf_w.l(dfixui.o)
    0x0800097a   0x0800097a   0x00000026   Code   RO         3606    .text               mf_w.l(f2d.o)
    0x080009a0   0x080009a0   0x00000014   Code   RO         3608    .text               mf_w.l(cfcmple.o)
    0x080009b4   0x080009b4   0x00000014   Code   RO         3610    .text               mf_w.l(cfrcmple.o)
    0x080009c8   0x080009c8   0x0000002c   Code   RO         3629    .text               mc_w.l(uidiv.o)
    0x080009f4   0x080009f4   0x00000062   Code   RO         3631    .text               mc_w.l(uldiv.o)
    0x08000a56   0x08000a56   0x0000001e   Code   RO         3633    .text               mc_w.l(llshl.o)
    0x08000a74   0x08000a74   0x00000020   Code   RO         3635    .text               mc_w.l(llushr.o)
    0x08000a94   0x08000a94   0x00000024   Code   RO         3637    .text               mc_w.l(llsshr.o)
    0x08000ab8   0x08000ab8   0x0000001c   Code   RO         3639    .text               mc_w.l(_chval.o)
    0x08000ad4   0x08000ad4   0x00000028   Code   RO         3641    .text               mc_w.l(scanf_char.o)
    0x08000afc   0x08000afc   0x00000040   Code   RO         3643    .text               mc_w.l(_sgetc.o)
    0x08000b3c   0x08000b3c   0x00000000   Code   RO         3645    .text               mc_w.l(iusefp.o)
    0x08000b3c   0x08000b3c   0x000000ba   Code   RO         3646    .text               mf_w.l(depilogue.o)
    0x08000bf6   0x08000bf6   0x000000e4   Code   RO         3648    .text               mf_w.l(dmul.o)
    0x08000cda   0x08000cda   0x00000018   Code   RO         3650    .text               mf_w.l(dfltul.o)
    0x08000cf2   0x08000cf2   0x00000030   Code   RO         3652    .text               mf_w.l(dfixul.o)
    0x08000d22   0x08000d22   0x00000002   PAD
    0x08000d24   0x08000d24   0x00000030   Code   RO         3654    .text               mf_w.l(cdrcmple.o)
    0x08000d54   0x08000d54   0x00000038   Code   RO         3656    .text               mf_w.l(d2f.o)
    0x08000d8c   0x08000d8c   0x00000024   Code   RO         3658    .text               mc_w.l(init.o)
    0x08000db0   0x08000db0   0x0000000a   Code   RO         3661    .text               mc_w.l(isspace_c.o)
    0x08000dba   0x08000dba   0x00000002   PAD
    0x08000dbc   0x08000dbc   0x0000032c   Code   RO         3663    .text               mc_w.l(_scanf.o)
    0x080010e8   0x080010e8   0x0000006e   Code   RO         3666    .text               mf_w.l(fepilogue.o)
    0x08001156   0x08001156   0x00000002   PAD
    0x08001158   0x08001158   0x00000028   Code   RO         3668    .text               mc_w.l(ctype_c.o)
    0x08001180   0x08001180   0x000000dc   Code   RO         2239    i.AlterEngineAngle  arm.o
    0x0800125c   0x0800125c   0x0000004c   Code   RO         2211    i.AlterLedState     led.o
    0x080012a8   0x080012a8   0x00000084   Code   RO         2240    i.ArmInit           arm.o
    0x0800132c   0x0800132c   0x00000004   Code   RO            1    i.BusFault_Handler  stm32f10x_it.o
    0x08001330   0x08001330   0x00000070   Code   RO         2455    i.CmucTask          communication.o
    0x080013a0   0x080013a0   0x00000058   Code   RO         2456    i.CommunicationInit  communication.o
    0x080013f8   0x080013f8   0x00000044   Code   RO         2287    i.DMA1_Channel2_IRQHandler  spi.o
    0x0800143c   0x0800143c   0x0000001c   Code   RO          509    i.DMA_ClearITPendingBit  stm32f10x_dma.o
    0x08001458   0x08001458   0x00000018   Code   RO          510    i.DMA_Cmd           stm32f10x_dma.o
    0x08001470   0x08001470   0x00000008   Code   RO          512    i.DMA_GetCurrDataCounter  stm32f10x_dma.o
    0x08001478   0x08001478   0x0000002c   Code   RO          514    i.DMA_GetITStatus   stm32f10x_dma.o
    0x080014a4   0x080014a4   0x00000012   Code   RO          515    i.DMA_ITConfig      stm32f10x_dma.o
    0x080014b6   0x080014b6   0x0000003c   Code   RO          516    i.DMA_Init          stm32f10x_dma.o
    0x080014f2   0x080014f2   0x00000002   PAD
    0x080014f4   0x080014f4   0x00000030   Code   RO         2323    i.DebugInit         debug.o
    0x08001524   0x08001524   0x0000026c   Code   RO         2324    i.DebugMenu         debug.o
    0x08001790   0x08001790   0x00000002   Code   RO            2    i.DebugMon_Handler  stm32f10x_it.o
    0x08001792   0x08001792   0x00000002   PAD
    0x08001794   0x08001794   0x00000048   Code   RO         2325    i.DebugPrintf       debug.o
    0x080017dc   0x080017dc   0x000002f0   Code   RO         2327    i.DebugTask         debug.o
    0x08001acc   0x08001acc   0x00000020   Code   RO         2188    i.DelayInit         delay.o
    0x08001aec   0x08001aec   0x00000116   Code   RO          640    i.GPIO_Init         stm32f10x_gpio.o
    0x08001c02   0x08001c02   0x00000002   PAD
    0x08001c04   0x08001c04   0x00000090   Code   RO          642    i.GPIO_PinRemapConfig  stm32f10x_gpio.o
    0x08001c94   0x08001c94   0x00000012   Code   RO          644    i.GPIO_ReadInputDataBit  stm32f10x_gpio.o
    0x08001ca6   0x08001ca6   0x0000000a   Code   RO          651    i.GPIO_WriteBit     stm32f10x_gpio.o
    0x08001cb0   0x08001cb0   0x00000004   Code   RO            3    i.HardFault_Handler  stm32f10x_it.o
    0x08001cb4   0x08001cb4   0x00000064   Code   RO         2212    i.LedInit           led.o
    0x08001d18   0x08001d18   0x00000078   Code   RO         2457    i.LedTask           communication.o
    0x08001d90   0x08001d90   0x0000009c   Code   RO         2213    i.LedToggle         led.o
    0x08001e2c   0x08001e2c   0x00000044   Code   RO         2027    i.McuDmaInit        mcu_dma.o
    0x08001e70   0x08001e70   0x0000001e   Code   RO         2028    i.McuDmaResetMemoryBaseAddr  mcu_dma.o
    0x08001e8e   0x08001e8e   0x00000020   Code   RO         2006    i.McuGpioInit       mcu_gpio.o
    0x08001eae   0x08001eae   0x00000002   PAD
    0x08001eb0   0x08001eb0   0x00000020   Code   RO         2007    i.McuGpioSwjJtagDisable  mcu_gpio.o
    0x08001ed0   0x08001ed0   0x00000022   Code   RO         2099    i.McuNvicInit       mcu_nvic.o
    0x08001ef2   0x08001ef2   0x00000046   Code   RO         2048    i.McuSpiInit        mcu_spi.o
    0x08001f38   0x08001f38   0x00000030   Code   RO         2063    i.McuTimerBaseInit  mcu_timer.o
    0x08001f68   0x08001f68   0x000000ba   Code   RO         2064    i.McuTimerPwmInit   mcu_timer.o
    0x08002022   0x08002022   0x00000036   Code   RO         2084    i.McuUsartInit      mcu_usart.o
    0x08002058   0x08002058   0x00000004   Code   RO            4    i.MemManage_Handler  stm32f10x_it.o
    0x0800205c   0x0800205c   0x00000002   Code   RO            5    i.NMI_Handler       stm32f10x_it.o
    0x0800205e   0x0800205e   0x00000002   PAD
    0x08002060   0x08002060   0x0000004c   Code   RO         2379    i.NRF24L01_Check    nrf24l01.o
    0x080020ac   0x080020ac   0x0000005c   Code   RO         2380    i.NRF24L01_RX_Mode  nrf24l01.o
    0x08002108   0x08002108   0x00000044   Code   RO         2381    i.NRF24L01_Read_Buf  nrf24l01.o
    0x0800214c   0x0800214c   0x00000040   Code   RO         2382    i.NRF24L01_Read_Reg  nrf24l01.o
    0x0800218c   0x0800218c   0x00000048   Code   RO         2383    i.NRF24L01_RxPacket  nrf24l01.o
    0x080021d4   0x080021d4   0x00000048   Code   RO         2386    i.NRF24L01_Write_Buf  nrf24l01.o
    0x0800221c   0x0800221c   0x00000040   Code   RO         2387    i.NRF24L01_Write_Reg  nrf24l01.o
    0x0800225c   0x0800225c   0x00000070   Code   RO          208    i.NVIC_Init         misc.o
    0x080022cc   0x080022cc   0x00000014   Code   RO          209    i.NVIC_PriorityGroupConfig  misc.o
    0x080022e0   0x080022e0   0x00000058   Code   RO         2388    i.Nrf24l01Init      nrf24l01.o
    0x08002338   0x08002338   0x00000020   Code   RO          791    i.RCC_AHBPeriphClockCmd  stm32f10x_rcc.o
    0x08002358   0x08002358   0x00000020   Code   RO          792    i.RCC_APB1PeriphClockCmd  stm32f10x_rcc.o
    0x08002378   0x08002378   0x00000020   Code   RO          794    i.RCC_APB2PeriphClockCmd  stm32f10x_rcc.o
    0x08002398   0x08002398   0x000000d4   Code   RO          802    i.RCC_GetClocksFreq  stm32f10x_rcc.o
    0x0800246c   0x0800246c   0x00000018   Code   RO         1085    i.SPI_Cmd           stm32f10x_spi.o
    0x08002484   0x08002484   0x00000012   Code   RO         1091    i.SPI_I2S_DMACmd    stm32f10x_spi.o
    0x08002496   0x08002496   0x0000003c   Code   RO         1098    i.SPI_Init          stm32f10x_spi.o
    0x080024d2   0x080024d2   0x00000008   Code   RO         2125    i.SetSysClock       system_stm32f10x.o
    0x080024da   0x080024da   0x00000002   PAD
    0x080024dc   0x080024dc   0x000000e0   Code   RO         2126    i.SetSysClockTo72   system_stm32f10x.o
    0x080025bc   0x080025bc   0x00000130   Code   RO         2288    i.Spi1Init          spi.o
    0x080026ec   0x080026ec   0x00000064   Code   RO         2289    i.SpiReadWriteBuf   spi.o
    0x08002750   0x08002750   0x00000074   Code   RO         2290    i.SpiReadWriteSameData  spi.o
    0x080027c4   0x080027c4   0x0000001a   Code   RO          177    i.StartTask         main.o
    0x080027de   0x080027de   0x00000002   PAD
    0x080027e0   0x080027e0   0x00000034   Code   RO         3240    i.SysTick_Handler   port.o
    0x08002814   0x08002814   0x00000060   Code   RO         2128    i.SystemInit        system_stm32f10x.o
    0x08002874   0x08002874   0x00000018   Code   RO         1228    i.TIM_ARRPreloadConfig  stm32f10x_tim.o
    0x0800288c   0x0800288c   0x00000018   Code   RO         1240    i.TIM_Cmd           stm32f10x_tim.o
    0x080028a4   0x080028a4   0x0000001e   Code   RO         1242    i.TIM_CtrlPWMOutputs  stm32f10x_tim.o
    0x080028c2   0x080028c2   0x00000002   PAD
    0x080028c4   0x080028c4   0x00000098   Code   RO         1269    i.TIM_OC1Init       stm32f10x_tim.o
    0x0800295c   0x0800295c   0x00000012   Code   RO         1272    i.TIM_OC1PreloadConfig  stm32f10x_tim.o
    0x0800296e   0x0800296e   0x00000002   PAD
    0x08002970   0x08002970   0x000000a4   Code   RO         1274    i.TIM_OC2Init       stm32f10x_tim.o
    0x08002a14   0x08002a14   0x0000001a   Code   RO         1277    i.TIM_OC2PreloadConfig  stm32f10x_tim.o
    0x08002a2e   0x08002a2e   0x00000002   PAD
    0x08002a30   0x08002a30   0x000000a0   Code   RO         1279    i.TIM_OC3Init       stm32f10x_tim.o
    0x08002ad0   0x08002ad0   0x00000012   Code   RO         1282    i.TIM_OC3PreloadConfig  stm32f10x_tim.o
    0x08002ae2   0x08002ae2   0x00000002   PAD
    0x08002ae4   0x08002ae4   0x0000007c   Code   RO         1284    i.TIM_OC4Init       stm32f10x_tim.o
    0x08002b60   0x08002b60   0x0000001a   Code   RO         1286    i.TIM_OC4PreloadConfig  stm32f10x_tim.o
    0x08002b7a   0x08002b7a   0x00000002   PAD
    0x08002b7c   0x08002b7c   0x000000a4   Code   RO         1311    i.TIM_TimeBaseInit  stm32f10x_tim.o
    0x08002c20   0x08002c20   0x000000a0   Code   RO         2260    i.USART1_IRQHandler  usart.o
    0x08002cc0   0x08002cc0   0x0000001e   Code   RO         1773    i.USART_ClearITPendingBit  stm32f10x_usart.o
    0x08002cde   0x08002cde   0x00000018   Code   RO         1776    i.USART_Cmd         stm32f10x_usart.o
    0x08002cf6   0x08002cf6   0x00000012   Code   RO         1777    i.USART_DMACmd      stm32f10x_usart.o
    0x08002d08   0x08002d08   0x00000054   Code   RO         1780    i.USART_GetITStatus  stm32f10x_usart.o
    0x08002d5c   0x08002d5c   0x0000004a   Code   RO         1782    i.USART_ITConfig    stm32f10x_usart.o
    0x08002da6   0x08002da6   0x00000002   PAD
    0x08002da8   0x08002da8   0x000000d8   Code   RO         1783    i.USART_Init        stm32f10x_usart.o
    0x08002e80   0x08002e80   0x00000004   Code   RO            6    i.UsageFault_Handler  stm32f10x_it.o
    0x08002e84   0x08002e84   0x00000128   Code   RO         2261    i.Usart1Init        usart.o
    0x08002fac   0x08002fac   0x00000024   Code   RO         3570    i.__0vsprintf       mc_w.l(printfa.o)
    0x08002fd0   0x08002fd0   0x0000000e   Code   RO         3673    i.__scatterload_copy  mc_w.l(handlers.o)
    0x08002fde   0x08002fde   0x00000002   Code   RO         3674    i.__scatterload_null  mc_w.l(handlers.o)
    0x08002fe0   0x08002fe0   0x0000000e   Code   RO         3675    i.__scatterload_zeroinit  mc_w.l(handlers.o)
    0x08002fee   0x08002fee   0x00000002   PAD
    0x08002ff0   0x08002ff0   0x00000184   Code   RO         3571    i._fp_digits        mc_w.l(printfa.o)
    0x08003174   0x08003174   0x0000000e   Code   RO         3598    i._is_digit         mc_w.l(scanf_fp.o)
    0x08003182   0x08003182   0x00000002   PAD
    0x08003184   0x08003184   0x000006dc   Code   RO         3572    i._printf_core      mc_w.l(printfa.o)
    0x08003860   0x08003860   0x00000024   Code   RO         3573    i._printf_post_padding  mc_w.l(printfa.o)
    0x08003884   0x08003884   0x0000002e   Code   RO         3574    i._printf_pre_padding  mc_w.l(printfa.o)
    0x080038b2   0x080038b2   0x0000000a   Code   RO         3576    i._sputc            mc_w.l(printfa.o)
    0x080038bc   0x080038bc   0x00000044   Code   RO          178    i.main              main.o
    0x08003900   0x08003900   0x00000098   Code   RO         2491    i.prvAddCurrentTaskToDelayedList  tasks.o
    0x08003998   0x08003998   0x000000b8   Code   RO         2492    i.prvAddNewTaskToReadyList  tasks.o
    0x08003a50   0x08003a50   0x00000048   Code   RO         2493    i.prvCheckTasksWaitingTermination  tasks.o
    0x08003a98   0x08003a98   0x0000007e   Code   RO         2898    i.prvCopyDataToQueue  queue.o
    0x08003b16   0x08003b16   0x00000012   Code   RO         2494    i.prvDeleteTCB      tasks.o
    0x08003b28   0x08003b28   0x00000014   Code   RO         2899    i.prvGetDisinheritPriorityAfterTimeout  queue.o
    0x08003b3c   0x08003b3c   0x0000007c   Code   RO         3190    i.prvHeapInit       heap_4.o
    0x08003bb8   0x08003bb8   0x00000028   Code   RO         2495    i.prvIdleTask       tasks.o
    0x08003be0   0x08003be0   0x0000002e   Code   RO         2901    i.prvInitialiseNewQueue  queue.o
    0x08003c0e   0x08003c0e   0x00000090   Code   RO         2496    i.prvInitialiseNewTask  tasks.o
    0x08003c9e   0x08003c9e   0x00000002   PAD
    0x08003ca0   0x08003ca0   0x00000068   Code   RO         2497    i.prvInitialiseTaskLists  tasks.o
    0x08003d08   0x08003d08   0x00000068   Code   RO         3191    i.prvInsertBlockIntoFreeList  heap_4.o
    0x08003d70   0x08003d70   0x0000001a   Code   RO         2902    i.prvIsQueueEmpty   queue.o
    0x08003d8a   0x08003d8a   0x0000001e   Code   RO         2903    i.prvIsQueueFull    queue.o
    0x08003da8   0x08003da8   0x00000054   Code   RO         2904    i.prvNotifyQueueSetContainer  queue.o
    0x08003dfc   0x08003dfc   0x00000034   Code   RO         2499    i.prvResetNextTaskUnblockTime  tasks.o
    0x08003e30   0x08003e30   0x000000b0   Code   RO         2500    i.prvSearchForNameWithinSingleList  tasks.o
    0x08003ee0   0x08003ee0   0x00000016   Code   RO         2501    i.prvTaskCheckFreeStackSpace  tasks.o
    0x08003ef6   0x08003ef6   0x00000016   Code   RO         3241    i.prvTaskExitError  port.o
    0x08003f0c   0x08003f0c   0x00000092   Code   RO         2905    i.prvUnlockQueue    queue.o
    0x08003f9e   0x08003f9e   0x00000002   PAD
    0x08003fa0   0x08003fa0   0x000000d4   Code   RO         3192    i.pvPortMalloc      heap_4.o
    0x08004074   0x08004074   0x00000020   Code   RO         2504    i.pvTaskIncrementMutexHeldCount  tasks.o
    0x08004094   0x08004094   0x00000024   Code   RO         3242    i.pxPortInitialiseStack  port.o
    0x080040b8   0x080040b8   0x00000028   Code   RO         3151    i.uxListRemove      list.o
    0x080040e0   0x080040e0   0x00000028   Code   RO         2507    i.uxTaskGetStackHighWaterMark  tasks.o
    0x08004108   0x08004108   0x0000001a   Code   RO         3152    i.vListInitialise   list.o
    0x08004122   0x08004122   0x00000006   Code   RO         3153    i.vListInitialiseItem  list.o
    0x08004128   0x08004128   0x00000034   Code   RO         3154    i.vListInsert       list.o
    0x0800415c   0x0800415c   0x00000018   Code   RO         3155    i.vListInsertEnd    list.o
    0x08004174   0x08004174   0x00000034   Code   RO         3244    i.vPortEnterCritical  port.o
    0x080041a8   0x080041a8   0x00000020   Code   RO         3245    i.vPortExitCritical  port.o
    0x080041c8   0x080041c8   0x00000048   Code   RO         3193    i.vPortFree         heap_4.o
    0x08004210   0x08004210   0x00000028   Code   RO         3246    i.vPortSetupTimerInterrupt  port.o
    0x08004238   0x08004238   0x00000020   Code   RO         3247    i.vPortValidateInterruptPriority  port.o
    0x08004258   0x08004258   0x0000003c   Code   RO         2513    i.vTaskDelay        tasks.o
    0x08004294   0x08004294   0x00000018   Code   RO         2518    i.vTaskInternalSetTimeOutState  tasks.o
    0x080042ac   0x080042ac   0x0000000c   Code   RO         2520    i.vTaskMissedYield  tasks.o
    0x080042b8   0x080042b8   0x00000020   Code   RO         2522    i.vTaskPlaceOnEventList  tasks.o
    0x080042d8   0x080042d8   0x000000b8   Code   RO         2524    i.vTaskPriorityDisinheritAfterTimeout  tasks.o
    0x08004390   0x08004390   0x00000068   Code   RO         2530    i.vTaskStartScheduler  tasks.o
    0x080043f8   0x080043f8   0x00000010   Code   RO         2532    i.vTaskSuspendAll   tasks.o
    0x08004408   0x08004408   0x0000006c   Code   RO         2533    i.vTaskSwitchContext  tasks.o
    0x08004474   0x08004474   0x000000a8   Code   RO         3248    i.xPortStartScheduler  port.o
    0x0800451c   0x0800451c   0x0000003a   Code   RO         2919    i.xQueueGenericCreate  queue.o
    0x08004556   0x08004556   0x00000002   PAD
    0x08004558   0x08004558   0x00000080   Code   RO         2920    i.xQueueGenericReset  queue.o
    0x080045d8   0x080045d8   0x0000014c   Code   RO         2921    i.xQueueGenericSend  queue.o
    0x08004724   0x08004724   0x00000092   Code   RO         2923    i.xQueueGiveFromISR  queue.o
    0x080047b6   0x080047b6   0x00000002   PAD
    0x080047b8   0x080047b8   0x00000134   Code   RO         2934    i.xQueueSemaphoreTake  queue.o
    0x080048ec   0x080048ec   0x0000005c   Code   RO         2534    i.xTaskCheckForTimeOut  tasks.o
    0x08004948   0x08004948   0x00000060   Code   RO         2535    i.xTaskCreate       tasks.o
    0x080049a8   0x080049a8   0x00000080   Code   RO         2539    i.xTaskGetHandle    tasks.o
    0x08004a28   0x08004a28   0x00000020   Code   RO         2540    i.xTaskGetSchedulerState  tasks.o
    0x08004a48   0x08004a48   0x00000120   Code   RO         2543    i.xTaskIncrementTick  tasks.o
    0x08004b68   0x08004b68   0x0000008c   Code   RO         2546    i.xTaskPriorityDisinherit  tasks.o
    0x08004bf4   0x08004bf4   0x000000c8   Code   RO         2547    i.xTaskPriorityInherit  tasks.o
    0x08004cbc   0x08004cbc   0x00000080   Code   RO         2548    i.xTaskRemoveFromEventList  tasks.o
    0x08004d3c   0x08004d3c   0x000000ec   Code   RO         2549    i.xTaskResumeAll    tasks.o
    0x08004e28   0x08004e28   0x0000000a   Data   RO         2389    .constdata          nrf24l01.o
    0x08004e32   0x08004e32   0x00000040   Data   RO         3669    .constdata          mc_w.l(ctype_c.o)
    0x08004e72   0x08004e72   0x00000002   PAD
    0x08004e74   0x08004e74   0x00000020   Data   RO         3671    Region$$Table       anon$$obj.o


    Execution Region RW_IRAM1 (Exec base: 0x20000000, Load base: 0x08004e94, Size: 0x000036a8, Max: 0x00005000, ABSOLUTE)

    Exec Addr    Load Addr    Size         Type   Attr      Idx    E Section Name        Object

    0x20000000   0x08004e94   0x00000004   Data   RW          179    .data               main.o
    0x20000004   0x08004e98   0x00000014   Data   RW          822    .data               stm32f10x_rcc.o
    0x20000018   0x08004eac   0x00000014   Data   RW         2129    .data               system_stm32f10x.o
    0x2000002c   0x08004ec0   0x00000001   Data   RW         2190    .data               delay.o
    0x2000002d   0x08004ec1   0x00000003   Data   RW         2214    .data               led.o
    0x20000030   0x08004ec4   0x00000005   Data   RW         2328    .data               debug.o
    0x20000035   0x08004ec9   0x00000003   PAD
    0x20000038   0x08004ecc   0x00000009   Data   RW         2459    .data               communication.o
    0x20000041   0x08004ed5   0x00000003   PAD
    0x20000044   0x08004ed8   0x0000003c   Data   RW         2552    .data               tasks.o
    0x20000080   0x08004f14   0x00000018   Data   RW         3198    .data               heap_4.o
    0x20000098   0x08004f2c   0x0000000c   Data   RW         3249    .data               port.o
    0x200000a4        -       0x000000d0   Zero   RW         2262    .bss                usart.o
    0x20000174        -       0x000000d0   Zero   RW         2291    .bss                spi.o
    0x20000244        -       0x00000020   Zero   RW         2458    .bss                communication.o
    0x20000264        -       0x00000244   Zero   RW         2551    .bss                tasks.o
    0x200004a8        -       0x00003000   Zero   RW         3197    .bss                heap_4.o
    0x200034a8        -       0x00000200   Zero   RW         2181    STACK               startup_stm32f10x_md.o


==============================================================================

Image component sizes


      Code (inc. data)   RO Data    RW Data    ZI Data      Debug   Object Name

       352         28          0          0          0       1105   arm.o
       320        100          0          9         32       2543   communication.o
         0          0          0          0          0         32   core_cm3.o
      1492        946          0          5          0      18077   debug.o
        32         10          0          1          0        536   delay.o
       512         64          0         24      12288       3727   heap_4.o
       332         30          0          3          0       1526   led.o
       148          0          0          0          0       2978   list.o
        94         22          0          4          0       1010   main.o
        98          0          0          0          0       2109   mcu_dma.o
        64          4          0          0          0       1514   mcu_gpio.o
        34          0          0          0          0        726   mcu_nvic.o
        70          0          0          0          0       1377   mcu_spi.o
       234          0          0          0          0       2293   mcu_timer.o
        54          0          0          0          0       1243   mcu_usart.o
       132         22          0          0          0       1651   misc.o
       596         74         10          0          0       5325   nrf24l01.o
       584         66          0         12          0       9889   port.o
      1450         14          0          0          0      21113   queue.o
       588         52          0          0        208       3498   spi.o
        36          8        236          0        512        752   startup_stm32f10x_md.o
       182         18          0          0          0       5143   stm32f10x_dma.o
       450          6          0          0          0       4102   stm32f10x_gpio.o
        20          0          0          0          0     284697   stm32f10x_it.o
       308         38          0         20          0       5074   stm32f10x_rcc.o
       102          0          0          0          0       2830   stm32f10x_spi.o
       930         92          0          0          0       8105   stm32f10x_tim.o
       446          6          0          0          0       5767   stm32f10x_usart.o
       328         28          0         20          0       2069   system_stm32f10x.o
      2916        394          0         60        580      30880   tasks.o
       456         36          0          0        208       1762   usart.o

    ----------------------------------------------------------------------
     13396       2058        278        164      13828     433453   Object Totals
         0          0         32          0          0          0   (incl. Generated)
        36          0          0          6          0          0   (incl. Padding)

    ----------------------------------------------------------------------

      Code (inc. data)   RO Data    RW Data    ZI Data      Debug   Library Member Name

        56          8          0          0          0         84   __0sscanf.o
        28          0          0          0          0         68   _chval.o
       812          4          0          0          0        112   _scanf.o
       332          0          0          0          0         96   _scanf_int.o
        64          0          0          0          0         84   _sgetc.o
        40          6         64          0          0         68   ctype_c.o
         0          0          0          0          0          0   entry.o
         0          0          0          0          0          0   entry10a.o
         0          0          0          0          0          0   entry11a.o
         8          4          0          0          0          0   entry2.o
         4          0          0          0          0          0   entry5.o
         0          0          0          0          0          0   entry7b.o
         0          0          0          0          0          0   entry8b.o
         8          4          0          0          0          0   entry9a.o
        30          0          0          0          0          0   handlers.o
        36          8          0          0          0         68   init.o
        10          0          0          0          0         68   isspace_c.o
         0          0          0          0          0          0   iusefp.o
        30          0          0          0          0         68   llshl.o
        36          0          0          0          0         68   llsshr.o
        32          0          0          0          0         68   llushr.o
        36          0          0          0          0         68   memcpya.o
        36          0          0          0          0        108   memseta.o
      2272         86          0          0          0        516   printfa.o
        40          8          0          0          0         84   scanf_char.o
       878         12          0          0          0        216   scanf_fp.o
        14          0          0          0          0         68   strlen.o
        36          0          0          0          0         80   strstr.o
        44          0          0          0          0         80   uidiv.o
        98          0          0          0          0         92   uldiv.o
        48          0          0          0          0         68   cdrcmple.o
        20          0          0          0          0         68   cfcmple.o
        20          0          0          0          0         68   cfrcmple.o
        56          0          0          0          0         88   d2f.o
       334          0          0          0          0        148   dadd.o
       222          0          0          0          0        100   ddiv.o
       186          0          0          0          0        176   depilogue.o
        50          0          0          0          0         76   dfixui.o
        48          0          0          0          0         68   dfixul.o
        24          0          0          0          0         76   dfltul.o
       228          0          0          0          0         96   dmul.o
        38          0          0          0          0         68   f2d.o
       110          0          0          0          0        168   fepilogue.o

    ----------------------------------------------------------------------
      6376        140         66          0          0       3432   Library Totals
        12          0          2          0          0          0   (incl. Padding)

    ----------------------------------------------------------------------

      Code (inc. data)   RO Data    RW Data    ZI Data      Debug   Library Name

      4980        140         64          0          0       2164   mc_w.l
      1384          0          0          0          0       1268   mf_w.l

    ----------------------------------------------------------------------
      6376        140         66          0          0       3432   Library Totals

    ----------------------------------------------------------------------

==============================================================================


      Code (inc. data)   RO Data    RW Data    ZI Data      Debug   

     19772       2198        344        164      13828     427885   Grand Totals
     19772       2198        344        164      13828     427885   ELF Image Totals
     19772       2198        344        164          0          0   ROM Totals

==============================================================================

    Total RO  Size (Code + RO Data)                20116 (  19.64kB)
    Total RW  Size (RW Data + ZI Data)             13992 (  13.66kB)
    Total ROM Size (Code + RO Data + RW Data)      20280 (  19.80kB)

==============================================================================

